[backblue.gif]
[fade.gif]
[index.html]
[nj1-static.collegedekho.com/_next/static/chunks/polyfills-42372ed130431b0a.js]
[nj1-static.collegedekho.com/_next/static/chunks/webpack-84097150ceb090c5.js]
[nj1-static.collegedekho.com/_next/static/chunks/framework-8200559f25044701.js]
[nj1-static.collegedekho.com/_next/static/chunks/main-e73d9b085c6fb51f.js]
[nj1-static.collegedekho.com/_next/static/chunks/pages/_app-b1ffddeedaf4c6dc.js]
[nj1-static.collegedekho.com/_next/static/chunks/9965-271fe2f897fb1fd8.js]
[nj1-static.collegedekho.com/_next/static/chunks/1106-712252a3759c8ecf.js]
[nj1-static.collegedekho.com/_next/static/chunks/5326-a6308d65925da148.js]
[nj1-static.collegedekho.com/_next/static/chunks/7849-7896c26cb4f0b0af.js]
[nj1-static.collegedekho.com/_next/static/chunks/9032-42621aae487e9591.js]
[nj1-static.collegedekho.com/_next/static/chunks/195-fad29188e69063e5.js]
[nj1-static.collegedekho.com/_next/static/chunks/74-7c556c2859168dae.js]
[nj1-static.collegedekho.com/_next/static/chunks/8088-dcdce1ba9a9dc6f3.js]
[nj1-static.collegedekho.com/_next/static/chunks/pages/index-f5b90e569ae56d89.js]
[nj1-static.collegedekho.com/_next/static/6lPQVuvejfJiEPmRUL7Hn/_buildManifest.js]
[nj1-static.collegedekho.com/_next/static/6lPQVuvejfJiEPmRUL7Hn/_ssgManifest.js]
[nj1-static.collegedekho.com/_next/static/media/admission-process-new.fdb7fefae4b8.gif]
[media.collegedekho.com/media/img/news/Is_SNAP_2026_Becoming_More_Competitive_1_pLRRDQTa0d7.png]
[media.collegedekho.com/media/img/news/IGNOU_OnlineBBA_2026_1a0d7.png]
[media.collegedekho.com/media/img/news/IGNOU_Online_MBA_2026_1a0d7.png]
[media.collegedekho.com/media/img/news/6-month_journey_from_kitchen_recipe_to_FSSAI_certification_and_quick-commerce_launcha0d7.png]
[media.collegedekho.com/media/img/news/Engineering_student_analyzing_e-commerce_sales_code_and_growth_charts_on_a_lapt_Qw0mhP5a0d7.png]
[media.collegedekho.com/media/img/news/The_1000_D2C_Launch_Checklista0d7.png]
[media.collegedekho.com/media/img/news/IGNOU_Online_MCA_Admissions_2026a0d7.png]
[media.collegedekho.com/media/img/news/Engineering_student_holding_a_finished_consumer_product_prototype_in_a_universi_AlgRpTua0d7.png]
[media.collegedekho.com/media/img/news/NEET_MDS_2026_Round_2_Choice_Filling_Closes_Soona0d7.jpg]
[media.collegedekho.com/media/img/news/Bihar_UGMAC_2026_Rank_Card_1a0d7.png]
[media.collegedekho.com/media/img/news/GATE_2027_Registration__1a0d7.png]
[media.collegedekho.com/media/img/news/Maharashtra_B.Sc._Nursing_Round_2_Seat_Matrix_2026_Release_Datea0d7.png]
[media.collegedekho.com/media/img/news/AP_EAMCET_2026_BiPC_Phase_2_Option_Entry_Closes_Today_on_September_20a0d7.jpg]
[media.collegedekho.com/media/img/news/Maharashtra_BAMS_BHMS_BUMS_Provisional_Merit_List_2026a0d7.png]
[media.collegedekho.com/media/img/news/MAH_GNM_CAP_Round_2_Seat_Matrix_2026_1a0d7.png]
[media.collegedekho.com/media/img/news/NEET_MDS_2026_Round_2__1a0d7.png]
[media.collegedekho.com/media/img/news/Untitled_design_-_2023-06-16T125818.415_iUZP7Ch1629.png]
[media.collegedekho.com/media/img/news/Bihar_Board_10th_Exam_Date1629.png]
[media.collegedekho.com/media/img/news/UP_Board_10th_Time_Table1629.png]
[media.collegedekho.com/media/img/news/UP_Board_12th_Time_Table_2025_11629.png]
[media.collegedekho.com/media/img/news/Maharashtra_SSC_Time_Table_2025_1_11629.png]
[media.collegedekho.com/media/img/news/Maharashtra_HSC_Time_Table1629.png]
[media.collegedekho.com/media/img/news/AP_SSC_Time_Table_20251629.png]
[media.collegedekho.com/media/img/news/TS_SSC_Time_Table_20251629.png]
[media.collegedekho.com/media/img/news/TS_Intermediate_Time_Table_11629.png]
[media.collegedekho.com/media/img/news/Tamil_Nadu_10th_Time_Table_11629.png]
[media.collegedekho.com/media/img/news/Tamil_Nadu_12th_Time_Table_20251629.png]
[media.collegedekho.com/media/img/news/Kerala_SSLC_Time_Table_2025_11629.png]
[media.collegedekho.com/media/img/news/Kerala_Board1629.png]
[media.collegedekho.com/media/img/news/Karnataka_SSLC_Time_Table_20251629.png]
[media.collegedekho.com/media/img/news/Karnataka_2nd_PUC_Time_Table_11629.png]
[media.collegedekho.com/media/img/news/MP_Board_10th_Time_Table1629.png]
[media.collegedekho.com/media/img/news/MP_Board_12th_Time_Table_20251629.png]
[media.collegedekho.com/media/img/news/PSEB_10th_Date_Sheet__11629.png]
[media.collegedekho.com/media/img/news/PSEB_12th_Date_Sheet_2025_11629.png]
[media.collegedekho.com/media/img/news/JAC_10th_Exam_Date1629.png]
[media.collegedekho.com/media/img/news/JAC_12th_Exam_Date_11629.png]
[media.collegedekho.com/media/img/news/RBSE_10th_Time_Table_20251629.png]
[media.collegedekho.com/media/img/news/RBSE_12th_Time_Table_20251629.png]
[media.collegedekho.com/media/img/news/GSEB_SSC_Time_Table_11629.png]
[media.collegedekho.com/media/img/news/GSEB_HSC_Time_Table_20251629.png]
[media.collegedekho.com/media/img/news/CGBSE_10th_Time_Table_2025_1_Taz5fP81629.png]
[media.collegedekho.com/media/img/news/CGBSE_12th_Time_Table1629.png]
[media.collegedekho.com/media/img/news/HBSE_10th_Date_Sheet_20251629.png]
[media.collegedekho.com/media/img/news/HP_Board_10th_Date_Sheet_20251629.png]
[media.collegedekho.com/media/img/news/HP_Board_12th_Date_Sheet_20251629.png]
[media.collegedekho.com/media/img/news/tbse_hs_routine1629.png]
[media.collegedekho.com/media/img/institute/logo/DPG_logo_1_104x104f8b3.png]
[media.collegedekho.com/media/img/institute/logo/logo-200_3f8b3.png]
[media.collegedekho.com/media/img/institute/logo/Sigma_University_Logof8b3.png]
[media.collegedekho.com/media/img/institute/logo/Renaissance_University_Indore_-_Logo_2f8b3.jpg]
[media.collegedekho.com/media/img/institute/logo/cgc_3f8b3.jpg]
[media.collegedekho.com/media/img/institute/logo/Oriental_logo_200x200f8b3.png]
[www.collegedekho.com/index.html]
[media.collegedekho.com/media/img/institute/logo/Jhanjerif8b3.jpg]
[media.collegedekho.com/media/img/institute/logo/Jecrc_final_logof8b3.jpg]
[www.collegedekho.com/android-app_/com.collegedekho.app/https/www.collegedekho.com/fragment_institute_list/institutes/undefined/index.html]
[media.collegedekho.com/media/img/institute/logo/Sage_University_Indore_-_logof8b3.png]
[media.collegedekho.com/media/img/institute/logo/embelem-1f8b3.jpg]
[nj1-static.collegedekho.com/_next/static/css/2b0b2f90b66e1027.css]
[media.collegedekho.com/media/img/institute/logo/1571229782phpsAaVJGf8b3.jpg]
[media.collegedekho.com/media/img/institute/logo/Lovely_Professional_University_Sealf8b3.jpg]
[media.collegedekho.com/media/img/institute/logo/Final_name_style_05-12-221_104x104f8b3.jpg]
[nj1-static.collegedekho.com/_next/static/css/c34cd972f142220c.css]
[media.collegedekho.com/media/img/institute/logo/WhatsApp_Image_2023-03-06_at_11.16.15_AM_MFoyM10f8b3.jpg]
[media.collegedekho.com/media/img/institute/logo/CU_LOGO_PNG-01_1_104x104f8b3.png]
[nj1-static.collegedekho.com/_next/static/css/073042f271301a5f.css]
[nj1-static.collegedekho.com/_next/static/css/dc455a766e111507.css]
[nj1-static.collegedekho.com/_next/static/chunks/8802-b58bf3d325a33999.js]
[nj1-static.collegedekho.com/_next/static/chunks/pages/assured-15db52cc9f41ef38.js]
[nj1-static.collegedekho.com/_next/static/media/awesome-image.27b203b5c1c3.png]
[media.collegedekho.com/media/img/institute/logo/1442990405a0d7.png]
[media.collegedekho.com/media/img/institute/logo/dsnvbsdmva0d7.jpg]
[media.collegedekho.com/media/img/institute/logo/15388062691a0d7.png]
[media.collegedekho.com/media/img/etp_institute/logo/1597553867416a0d7.jpg]
[media.collegedekho.com/media/img/institute/logo/AIIT-Logo_w2a0d7.png]
[media.collegedekho.com/media/img/institute/logo/Lisaa_Logoa0d7.png]
[media.collegedekho.com/media/img/institute/logo/logo_designa0d7.png]
[media.collegedekho.com/media/img/institute/logo/download_13a0d7.png]
[media.collegedekho.com/media/img/institute/logo/rla0d7.jpg]
[media.collegedekho.com/media/img/institute/logo/MU_jaipura0d7.jpg]
[media.collegedekho.com/media/img/institute/logo/University_of_Technology_logo_Squarea0d7.jpg]
[media.collegedekho.com/media/img/institute/logo/1._PNG_104x104a0d7.png]
[media.collegedekho.com/media/img/institute/logo/DBU_newlogo_104x104a0d7.png]
[media.collegedekho.com/media/img/institute/logo/GLA_University_logoa0d7.png]
[media.collegedekho.com/media/img/institute/logo/SPSU_Final_logo_1-01-01-01_104x104a0d7.png]
[media.collegedekho.com/media/img/institute/logo/1449045466a0d7.jpg]
[media.collegedekho.com/media/img/institute/logo/SRMU_logoa0d7.jpg]
[media.collegedekho.com/media/img/institute/logo/Sage_University_Indore_-_logoa0d7.png]
[media.collegedekho.com/media/img/institute/logo/sdkjvgisuakvasda0d7.png]
[media.collegedekho.com/media/img/institute/logo/unnamed_PTcl1ySa0d7.png]
[media.collegedekho.com/media/img/institute/logo/JKP4R5AG_400x400a0d7.jpg]
[media.collegedekho.com/media/img/institute/logo/logaaaaao_3_1_104x104a0d7.jpg]
[media.collegedekho.com/media/img/institute/logo/ssieta0d7.png]
[media.collegedekho.com/media/img/institute/logo/Indus_International_University_logo_104x104a0d7.png]
[media.collegedekho.com/media/img/institute/logo/AKS_University_logo_ymRxNWva0d7.png]
[media.collegedekho.com/media/img/institute/logo/download_29a0d7.jpg]
[media.collegedekho.com/media/img/institute/logo/JU_Logo_-_High_weight_-semper_ceCLx5ra0d7.png]
[media.collegedekho.com/media/img/institute/logo/Screenshot_from_2023-06-16_12-50-15a0d7.png]
[media.collegedekho.com/media/img/institute/logo/Screenshot_from_2024-01-23_15-24-43a0d7.png]
[media.collegedekho.com/media/img/institute/logo/final_logo.jpg_1a0d7.jpg]
[media.collegedekho.com/media/img/institute/logo/Insignia_pnja0d7.png]
[media.collegedekho.com/media/img/institute/logo/ADYPU_Logo_Squarea0d7.png]
[media.collegedekho.com/media/img/institute/logo/6GKSoGX1a0d7.jpg]
[media.collegedekho.com/media/img/institute/logo/GD_Goenka_University_Sohna_Logoa0d7.jpg]
[media.collegedekho.com/media/img/institute/logo/aboutlogoa0d7.jpg]
[media.collegedekho.com/media/img/institute/logo/Sandip_Logo_Squarea0d7.png]
[media.collegedekho.com/media/img/institute/logo/Alard_logo_07022025a0d7.jpg]
[media.collegedekho.com/media/img/institute/logo/VGI_-_Logo_ZeHRJUAa0d7.png]
[media.collegedekho.com/media/img/institute/logo/DPG_logo_1_104x104a0d7.png]
[media.collegedekho.com/media/img/institute/logo/1427974878a0d7.jpg]
[media.collegedekho.com/media/img/institute/logo/IntegralUniversityLogoa0d7.jpg]
[media.collegedekho.com/media/img/institute/logo/1423312512a0d7.jpg]
[media.collegedekho.com/media/img/institute/logo/New-Logo-Shimla-University-3_2a0d7.jpg]
[media.collegedekho.com/media/img/institute/logo/download_HwSBpBIa0d7.jpg]
[media.collegedekho.com/media/img/institute/logo/Square_Logoa0d7.png]
[media.collegedekho.com/media/img/institute/logo/3654-hindustanuniversityhuchennai_logoa0d7.jpg]
[media.collegedekho.com/media/img/institute/logo/Attachment_1_1a0d7.png]
[media.collegedekho.com/media/img/institute/logo/SPIT_Mumbai_Logoa0d7.jpg]
[media.collegedekho.com/media/img/institute/logo/Rai_University_logoa0d7.png]
[media.collegedekho.com/media/img/institute/logo/Oriental_logo_200x200a0d7.png]
[media.collegedekho.com/media/img/institute/logo/piet_logoa0d7.jpg]
[media.collegedekho.com/media/img/institute/logo/image_42a0d7.png]
[media.collegedekho.com/media/img/institute/logo/Sushant_logoa0d7.png]
[media.collegedekho.com/media/img/institute/logo/image001a0d7.jpg]
[media.collegedekho.com/media/img/institute/logo/Lovely_Professional_University_Seala0d7.jpg]
[media.collegedekho.com/media/img/institute/logo/download_10a0d7.png]
[media.collegedekho.com/media/img/institute/logo/Sage_University_Bhopal_-_logo_sY1VfWFa0d7.jpg]
[media.collegedekho.com/media/img/institute/logo/Renaissance_University_Indore_-_Logo_2a0d7.jpg]
[media.collegedekho.com/media/img/institute/logo/1644572523phpTrplEJ_104x104a0d7.jpg]
[media.collegedekho.com/media/img/institute/logo/Geeta_logoa0d7.png]
[media.collegedekho.com/media/img/institute/logo/UTa0d7.png]
[media.collegedekho.com/media/img/university/VU-4a0d7.png]
[media.collegedekho.com/media/img/institute/logo/download_aQPetEca0d7.png]
[media.collegedekho.com/media/img/institute/logo/square-cropa0d7.jpg]
[media.collegedekho.com/media/img/institute/logo/Screenshot_from_2024-03-06_15-56-15a0d7.png]
[media.collegedekho.com/media/img/institute/logo/Indore_logo_PmJO1vMa0d7.jpg]
[media.collegedekho.com/media/img/institute/logo/logo_11_q5BkbEQa0d7.png]
[media.collegedekho.com/media/img/etp_institute/logo/download_10a0d7.png]
[media.collegedekho.com/media/img/institute/logo/download_S7OhnJ1a0d7.png]
[media.collegedekho.com/media/img/institute/logo/Oxbridge_Group_of_Institutions_Bangalore_Logo_a0d7.png]
[media.collegedekho.com/media/img/etp_institute/logo/1517023361911_RyZYw7Xa0d7.jpg]
[media.collegedekho.com/media/img/institute/logo/GEa0d7.png]
[media.collegedekho.com/media/img/institute/logo/IFIMa0d7.png]
[media.collegedekho.com/media/img/institute/logo/BIMS_-_Logoa0d7.png]
[media.collegedekho.com/media/img/institute/logo/DPU_108x108a0d7.png]
[media.collegedekho.com/media/img/institute/logo/PCU-Logo-01a0d7.png]
[media.collegedekho.com/media/img/institute/logo/dbgia0d7.png]
[media.collegedekho.com/media/img/institute/logo/sadvaknsdvsa0d7.jpg]
[media.collegedekho.com/media/img/institute/logo/JLU_logo_104x104a0d7.jpg]
[media.collegedekho.com/media/img/institute/logo/Jecrc_final_logoa0d7.jpg]
[media.collegedekho.com/media/img/institute/logo/downloadff_104x104a0d7.jpg]
[media.collegedekho.com/media/img/institute/logo/images_7a0d7.png]
[media.collegedekho.com/media/img/institute/logo/Logo_1_muhvTn5a0d7.jpg]
[media.collegedekho.com/media/img/institute/logo/KU_Raipur_logoa0d7.jpg]
[media.collegedekho.com/media/img/institute/logo/dr-c-v-raman-university-squarelogo-1473163777277a0d7.png]
[media.collegedekho.com/media/img/institute/logo/1444900654a0d7.jpg]
[media.collegedekho.com/media/img/institute/logo/1486354667xseacomskillsuniversitybirbhum55270.jpg.pagespeed.ic.Qt1JgoghYw9gNSa0d7.jpg]
[media.collegedekho.com/media/img/institute/logo/admsa0d7.png]
[media.collegedekho.com/media/img/institute/logo/ASM_logo1a0d7.jpg]
[media.collegedekho.com/media/img/institute/logo/download_1_5XmHrsfa0d7.jpg]
[media.collegedekho.com/media/img/institute/logo/14653894091460437591JNUa0d7.png]
[media.collegedekho.com/media/img/institute/logo/AAEAAQAAAAAAAAUpAAAAJDM0OTA4YTJhLTRiYWMtNDVmOS1iMWI0LWM0YjZjYzk0MTBiOAa0d7.png]
[media.collegedekho.com/media/img/etp_institute/logo/logoa0d7.png]
[media.collegedekho.com/media/img/institute/logo/1587455701phpxt91Zma0d7.jpg]
[media.collegedekho.com/media/img/institute/logo/310685737_8399210800096747_6581575075332483284_na0d7.jpg]
[media.collegedekho.com/media/img/institute/logo/adtu_new_logo__104x104a0d7.png]
[nj1-static.collegedekho.com/_next/static/media/barclays.1cc766773204.png]
[nj1-static.collegedekho.com/_next/static/media/wipro.13441a4c3204.png]
[nj1-static.collegedekho.com/_next/static/media/ey.184fa7893204.png]
[nj1-static.collegedekho.com/_next/static/media/tcs.ec3a8ca63204.png]
[nj1-static.collegedekho.com/_next/static/media/walmart.a313b33c3204.png]
[nj1-static.collegedekho.com/_next/static/media/deloitte.d19818943204.png]
[nj1-static.collegedekho.com/_next/static/media/ibm.2aea32f13204.png]
[nj1-static.collegedekho.com/_next/static/media/microsoft.b43ce9f23204.png]
[www.collegedekho.com/assured.html]
[nj1-static.collegedekho.com/_next/static/media/morgan-stanley.7de615e83204.png]
[nj1-static.collegedekho.com/_next/static/media/pwc.0454f4e43204.png]
[media.collegedekho.com/media/assured-images/WhatsApp_Image_2024-01-30_at_11.46.13_AM_125ec.jpg]
[media.collegedekho.com/media/assured-images/WhatsApp_Image_2024-01-30_at_3.05.37_PM_525ec.jpg]
[media.collegedekho.com/media/assured-images/WhatsApp_Image_2024-01-30_at_3.05.37_PM_425ec.jpg]
[media.collegedekho.com/media/assured-images/WhatsApp_Image_2024-01-30_at_3.03.25_PM25ec.jpg]
[media.collegedekho.com/media/assured-images/WhatsApp_Image_2024-01-30_at_2.30.58_PM_525ec.jpg]
[media.collegedekho.com/media/assured-images/WhatsApp_Image_2024-01-30_at_2.20.59_PM_125ec.jpg]
[media.collegedekho.com/media/assured-images/WhatsApp_Image_2024-01-30_at_2.20.58_PM25ec.jpg]
[media.collegedekho.com/media/assured-images/WhatsApp_Image_2023-06-01_at_12.50.56_PM_225ec.jpg]
[media.collegedekho.com/media/assured-images/WhatsApp_Image_2023-06-01_at_1.36.50_PM_125ec.jpg]
[media.collegedekho.com/media/assured-images/WhatsApp_Image_2023-06-01_at_1.36.48_PM_225ec.jpg]
[www.collegedekho.com/news/gate-2027-registration-ongoing-last-date-steps-to-fill-application-80049/index.html]
[media.collegedekho.com/media/assured-images/WhatsApp_Image_2023-06-01_at_1.36.47_PM_125ec.jpg]
[media.collegedekho.com/media/assured-images/WhatsApp_Image_2023-06-01_at_1.36.46_PM_125ec.jpg]
[img.youtube.com/vi/JsiA7hPXSLo/hqdefaultc1c3.jpg]
[img.youtube.com/vi/hKmSgopaYkA/hqdefaultc1c3.jpg]
[img.youtube.com/vi/xe4Wx-HOrkk/hqdefaultc1c3.jpg]
[img.youtube.com/vi/OU2XaJ2c3xk/hqdefaultc1c3.jpg]
[img.youtube.com/vi/z6FybHBo4Gc/hqdefaultc1c3.jpg]
[img.youtube.com/vi/JUencTcRUWQ/hqdefaultc1c3.jpg]
[img.youtube.com/vi/086-e5jQcOo/hqdefaultc1c3.jpg]
[img.youtube.com/vi/SPyJSGk8HUE/hqdefaultc1c3.jpg]
[img.youtube.com/vi/DI7QKsibkTA/hqdefaultc1c3.jpg]
[img.youtube.com/vi/ZUXdPEYS5bo/hqdefaultc1c3.jpg]
[www.collegedekho.com/news/maharashtra-bsc-nursing-round-2-seat-matrix-2026-releasing-on-september-21-medical2026mahacetorg-80058/index.html]
[img.youtube.com/vi/cTEsfS_iHfo/hqdefaultc1c3.jpg]
[nj1-static.collegedekho.com/_next/static/media/pratima-chadha.e228a4123204.jpg]
[nj1-static.collegedekho.com/_next/static/media/shruti-chibber.ff4d46c93204.jpg]
[nj1-static.collegedekho.com/_next/static/media/chaitanya-ketkar.7ef5ceab3204.jpg]
[nj1-static.collegedekho.com/_next/static/media/abdul-kalam.9e2691da3204.jpg]
[nj1-static.collegedekho.com/_next/static/media/sunita-sharma.6d8a0ce13204.jpg]
[nj1-static.collegedekho.com/_next/static/media/veer-pratap-singh.426015e93204.jpg]
[nj1-static.collegedekho.com/_next/static/media/swati-jain.d7fa2bc73204.jpg]
[nj1-static.collegedekho.com/_next/static/media/garima-jain.3b776ecd3204.jpg]
[nj1-static.collegedekho.com/_next/static/media/shalini-rajawat.615149c73204.jpg]
[nj1-static.collegedekho.com/_next/static/media/tarun-pare.699506bb3204.jpg]
[nj1-static.collegedekho.com/_next/static/media/zeeshan-ahmad.9f70dd6a3204.jpg]
[www.collegedekho.com/news/maharashtra-bams-bhms-bums-provisional-merit-list-2026-today-on-sept-20-at-medical2026mahacetorg-80013/index.html]
[nj1-static.collegedekho.com/_next/static/media/atul-tyagi.34c508203204.jpg]
[nj1-static.collegedekho.com/_next/static/media/sivaprasad-paliyath.a76ef76f3204.jpg]
[nj1-static.collegedekho.com/_next/static/media/bcg-logo.c552ddc1a77d.png]
[nj1-static.collegedekho.com/_next/static/media/tanvi-manglick.8261040d3204.jpg]
[nj1-static.collegedekho.com/_next/static/media/xoriant-logo.eb39c9a2a77d.png]
[nj1-static.collegedekho.com/_next/static/media/ashvesh-nayak.ded66f573204.jpg]
[nj1-static.collegedekho.com/_next/static/media/tech-mahindra-logo.3ad1030aa77d.png]
[nj1-static.collegedekho.com/_next/static/media/saumya-agarwal.61a9547b3204.jpg]
[nj1-static.collegedekho.com/_next/static/media/meesho-logo.a1092341a77d.png]
[nj1-static.collegedekho.com/_next/static/media/priyanka-gehlot.b9466abc3204.jpg]
[nj1-static.collegedekho.com/_next/static/media/freelance-logo.787987b1a77d.png]
[nj1-static.collegedekho.com/_next/static/media/nithin-motupalli.212dad723204.jpg]
[www.collegedekho.com/news/mah-gnm-cap-round-2-seat-matrix-2026-september-21-80038/index.html]
[nj1-static.collegedekho.com/_next/static/media/tribe-logo.074e6133a77d.png]
[nj1-static.collegedekho.com/_next/static/media/uruj-kohari.903b999a3204.jpg]
[nj1-static.collegedekho.com/_next/static/media/sachin-rathi.e3f6b5bc3204.jpg]
[nj1-static.collegedekho.com/_next/static/media/olx-logo.d6537855a77d.png]
[nj1-static.collegedekho.com/_next/static/media/aboli-maydeo.c94b90453204.jpg]
[nj1-static.collegedekho.com/_next/static/media/siddharth-majumdar.9f686fb33204.jpg]
[nj1-static.collegedekho.com/_next/static/media/chegg-logo.d98e9ed6a77d.png]
[nj1-static.collegedekho.com/_next/static/media/akash-tiwari.1249056a3204.jpg]
[nj1-static.collegedekho.com/_next/static/media/accenture-logo.289136d0a77d.png]
[nj1-static.collegedekho.com/_next/static/media/naman-kohli.8321e2903204.jpg]
[nj1-static.collegedekho.com/_next/static/media/perfect-logo.d6f36a19a77d.png]
[nj1-static.collegedekho.com/_next/static/media/salik-khan.a7809ce23204.jpg]
[www.collegedekho.com/news/maharashtra-state-cet-cell-to-release-pgd-round-2-seat-matrix-2026-on-sept-21-view-category-wise-vacancies-80047/index.html]
[nj1-static.collegedekho.com/_next/static/media/insight-log.c4fa3839a77d.png]
[nj1-static.collegedekho.com/_next/static/media/ankush-tiwari.3a36e8883204.jpg]
[nj1-static.collegedekho.com/_next/static/media/zblocks-logo.98ae2e45a77d.png]
[nj1-static.collegedekho.com/_next/static/media/abhijeet-zilpelwar.3bd947a63204.jpg]
[nj1-static.collegedekho.com/_next/static/media/sanjay-gupta.6d78aec33204.jpg]
[nj1-static.collegedekho.com/_next/static/media/sierra-logo.7568f3fba77d.png]
[media.collegedekho.com/media/img/news/GATE_2027_Registration__1dd99.png]
[media.collegedekho.com/media/img/news/GATE_2027_Registration__1976f.png]
[www.collegedekho.com/manifest.json]
[media.collegedekho.com/media/img/news/GATE_2027_Registration__159a4.png]
[static.collegedekho.com/static-v3/images/post-bg.91fb6b2bb1f5.png]
[static.collegedekho.com/static-v3/images/college-listing-icons.8d3bb5644976.png]
[static.collegedekho.com/static-v3/images/arrow-right.5add999bf666.png]
[static.collegedekho.com/static-v3/images/calculator.40a75c94b9a4.jpg]
[www.collegedekho.com/news/mp-anm-gnm-2026-seat-allotment-result-for-final-round-releasing-today-know-when-result-link-will-be-activated-80048/index.html]
[static.collegedekho.com/static-v3/images/customer-support.fb5bb50b7443.jpg]
[static.collegedekho.com/static-v3/images/batch-img.adb745f9e66d.png]
[static.collegedekho.com/static-v3/images/qna.5bd2bbf1b993.png]
[static.collegedekho.com/static-v3/images/blank.325472601571.gif]
[static.collegedekho.com/static-v3/images/collegedekhologo.db81662af259.png]
[media.collegedekho.com/media/img/news/Bihar_UGMAC_2026_Rank_Card_11e3b.png]
[media.collegedekho.com/media/img/news/Maharashtra_B.Sc._Nursing_Round_2_Seat_Matrix_2026_Release_Date1e3b.png]
[media.collegedekho.com/media/img/news/AP_EAMCET_2026_BiPC_Phase_2_Option_Entry_Closes_Today_on_September_201e3b.jpg]
[media.collegedekho.com/media/img/news/Maharashtra_BAMS_BHMS_BUMS_Provisional_Merit_List_20261e3b.png]
[media.collegedekho.com/media/img/news/MAH_GNM_CAP_Round_2_Seat_Matrix_2026_11e3b.png]
[media.collegedekho.com/media/img/news/NEET_MDS_2026_Round_2__11e3b.png]
[www.collegedekho.com/news/bihar-ugmac-round-2-rank-card-2026-releasing-on-september-20-bceceboardbihargovin-80046/index.html]
[media.collegedekho.com/media/img/news/TG_LAWCET_2026_Phase_3__11e3b.png]
[media.collegedekho.com/media/img/news/Maharashtra_LLB_3_Year_CAP_Round_3_11e3b.png]
[media.collegedekho.com/media/img/news/MP_B.Sc_Nursing_2026_Final_Round_Allotment_Result_Releasing_Today1e3b.jpg]
[static.collegedekho.com/static-v3/js/responsive/lib.min.06af2692391e.js]
[static.collegedekho.com/static-v3/js/cld/news-detail-extra.min.ac1dd0618fa7.js]
[static.collegedekho.com/static-v3/js/cld/news-detail-combined.min.a82d89937912.js]
[securepubads.g.doubleclick.net/tag/js/f.txt]
[static.collegedekho.com/static-v3/js/common-event-script.min.9bd11058867f.js]
[static.collegedekho.com/static-v3/js/responsive/common-utility.min.946e32ccd6dd.js]
[static.collegedekho.com/static-v3/js/cld/common-lazy.min.bc36adf81bc6.js]
[media.collegedekho.com/media/img/news/Maharashtra_B.Sc._Nursing_Round_2_Seat_Matrix_2026_Release_Datedd99.png]
[media.collegedekho.com/media/img/news/Maharashtra_B.Sc._Nursing_Round_2_Seat_Matrix_2026_Release_Date976f.png]
[media.collegedekho.com/media/img/news/Maharashtra_B.Sc._Nursing_Round_2_Seat_Matrix_2026_Release_Date59a4.png]
[media.collegedekho.com/media/img/news/GATE_2027_Registration__11e3b.png]
[media.collegedekho.com/media/img/news/Maharashtra_BAMS_BHMS_BUMS_Provisional_Merit_List_2026dd99.png]
[media.collegedekho.com/media/img/news/Maharashtra_BAMS_BHMS_BUMS_Provisional_Merit_List_2026976f.png]
[www.collegedekho.com/news/maharashtra-hsc-ssc-2027-exam-dates-out-know-when-the-exam-will-be-conducted-80015/index.html]
[media.collegedekho.com/media/img/news/Maharashtra_BAMS_BHMS_BUMS_Provisional_Merit_List_202659a4.png]
[media.collegedekho.com/media/img/news/MAH_GNM_CAP_Round_2_Seat_Matrix_2026_1dd99.png]
[media.collegedekho.com/media/img/news/MAH_GNM_CAP_Round_2_Seat_Matrix_2026_1976f.png]
[media.collegedekho.com/media/img/news/MAH_GNM_CAP_Round_2_Seat_Matrix_2026_159a4.png]
[media.collegedekho.com/media/img/news/Maharashtra_PGD_Round_2_Seat_Matrix_2026_Release_Datedd99.png]
[media.collegedekho.com/media/img/news/Maharashtra_PGD_Round_2_Seat_Matrix_2026_Release_Date976f.png]
[media.collegedekho.com/media/img/news/Maharashtra_PGD_Round_2_Seat_Matrix_2026_Release_Date59a4.png]
[media.collegedekho.com/media/img/news/MP_ANM_GNM_2026_Seat_Allotment_Result_for_Final_Round_Releasing_Todaydd99.png]
[media.collegedekho.com/media/img/news/MP_ANM_GNM_2026_Seat_Allotment_Result_for_Final_Round_Releasing_Today976f.png]
[media.collegedekho.com/media/img/news/MP_ANM_GNM_2026_Seat_Allotment_Result_for_Final_Round_Releasing_Today59a4.png]
[media.collegedekho.com/media/img/news/NEET_MDS_2026_Round_2_Choice_Filling_Closes_Soon1e3b.jpg]
[media.collegedekho.com/media/img/news/Bihar_UGMAC_Round_2_Rank_Card_2026_Release_Datedd99.png]
[media.collegedekho.com/media/img/news/Bihar_UGMAC_Round_2_Rank_Card_2026_Release_Date976f.png]
[media.collegedekho.com/media/img/news/Bihar_UGMAC_Round_2_Rank_Card_2026_Release_Date59a4.png]
[media.collegedekho.com/media/img/news/Maharashtra_HSC__SSC_2027_Exam_Dates_OUT_8XA3sW6dd99.png]
[media.collegedekho.com/media/img/news/Maharashtra_HSC__SSC_2027_Exam_Dates_OUT_8XA3sW6976f.png]
[www.collegedekho.com/news/jharkhand-bsc-agriculture-round-1-seat-allotment-result-releasing-on-september-18-jcecebjharkhandgovin-80090/index.html]
[media.collegedekho.com/media/img/news/Maharashtra_HSC__SSC_2027_Exam_Dates_OUT_8XA3sW659a4.png]
[media.collegedekho.com/media/img/news/Jharkhand_B.Sc._Agriculture_Round_1_Seat_Allotment_Resultdd99.png]
[media.collegedekho.com/media/img/news/Jharkhand_B.Sc._Agriculture_Round_1_Seat_Allotment_Result976f.png]
[media.collegedekho.com/media/img/news/Jharkhand_B.Sc._Agriculture_Round_1_Seat_Allotment_Result59a4.png]
[media.collegedekho.com/media/img/news/AP_PGCET_2026_Phase_1_Seat_Allotment_Resultdd99.png]
[media.collegedekho.com/media/img/news/AP_PGCET_2026_Phase_1_Seat_Allotment_Result976f.png]
[media.collegedekho.com/media/img/news/AP_PGCET_2026_Phase_1_Seat_Allotment_Result59a4.png]
[www.collegedekho.com/news/ap-pgcet-2026-phase-1-seat-allotment-result-on-september-21-release-time-analysis-80008/index.html]
[static.collegedekho.com/static/images/new_ui/common/logo.png]
[www.collegedekho.com/exam/upsee/exam-pattern.html]
[www.collegedekho.com/exam/upsee/cutoff.html]
[www.collegedekho.com/exam/upsee/application-form.html]
[www.collegedekho.com/exam/upsee/syllabus.html]
[www.collegedekho.com/exam/lpunest/results.html]
[www.collegedekho.com/exam/lpunest/syllabus.html]
[www.collegedekho.com/exam/lpunest/admit-card.html]
[www.collegedekho.com/exam/lpunest/sample-papers.html]
[www.collegedekho.com/exam/lpunest/previous-year-question-papers.html]
[www.collegedekho.com/exam/lpunest/cutoff.html]
[www.collegedekho.com/exam/lpunest/exam-pattern.html]
[www.collegedekho.com/exam/lpunest/application-form.html]
[www.collegedekho.com/exam/jmiee/results.html]
[www.collegedekho.com/exam/jmiee/admit-card.html]
[www.collegedekho.com/exam/jmiee/syllabus.html]
[www.collegedekho.com/exam/jmiee/registration-eligibility.html]
[www.collegedekho.com/exam/jmiee/cutoff.html]
[www.collegedekho.com/exam/jmiee/exam-pattern.html]
[www.collegedekho.com/exam/jmiee/counselling-process.html]
[www.collegedekho.com/exam/jmiee/application-form.html]
[www.collegedekho.com/exam/ipu-cet/results.html]
[www.collegedekho.com/exam/ipu-cet/admit-card.html]
[www.collegedekho.com/exam/ipu-cet/syllabus.html]
[www.collegedekho.com/exam/ipu-cet/cutoff.html]
[www.collegedekho.com/exam/ipu-cet/registration-eligibility.html]
[www.collegedekho.com/exam/ipu-cet/exam-pattern.html]
[www.collegedekho.com/exam/ipu-cet/application-form.html]
[www.collegedekho.com/exam/saat/results.html]
[www.collegedekho.com/exam/saat/admit-card.html]
[www.collegedekho.com/exam/saat/syllabus.html]
[www.collegedekho.com/exam/saat/mock-test.html]
[www.collegedekho.com/exam/saat/cutoff.html]
[www.collegedekho.com/exam/saat/registration-eligibility.html]
[www.collegedekho.com/exam/saat/exam-pattern.html]
[www.collegedekho.com/exam/saat/application-form.html]
[www.collegedekho.com/exam/saat/previous-year-question-papers.html]
[www.collegedekho.com/exam/tissnet/results.html]
[www.collegedekho.com/exam/tissnet/admit-card.html]
[www.collegedekho.com/exam/tissnet/answer-key.html]
[www.collegedekho.com/exam/tissnet/previous-year-question-papers.html]
[www.collegedekho.com/exam/tissnet/cutoff.html]
[www.collegedekho.com/exam/tissnet/exam-pattern.html]
[www.collegedekho.com/exam/tissnet/sample-papers.html]
[www.collegedekho.com/exam/tissnet/syllabus.html]
[www.collegedekho.com/exam/tissnet/mock-test.html]
[www.collegedekho.com/exam/cucet/results.html]
[www.collegedekho.com/exam/cuet/syllabus.html]
[www.collegedekho.com/exam/cuet/admit-card.html]
[www.collegedekho.com/exam/cuet/answer-key.html]
[www.collegedekho.com/exam/cucet/previous-year-question-papers.html]
[www.collegedekho.com/exam/cucet/cutoff.html]
[www.collegedekho.com/exam/cuet/exam-pattern.html]
[www.collegedekho.com/exam/cuet/sample-papers.html]
[www.collegedekho.com/exam/cucet/application-form.html]
[www.collegedekho.com/exam/juet.html]
[www.collegedekho.com/exam/juet/results.html]
[www.collegedekho.com/exam/juet/syllabus.html]
[www.collegedekho.com/exam/juet/admit-card.html]
[www.collegedekho.com/exam/juet/answer-key.html]
[www.collegedekho.com/exam/juet/previous-year-question-papers.html]
[www.collegedekho.com/exam/juet/registration-eligibility.html]
[www.collegedekho.com/exam/juet/application-form.html]
[www.collegedekho.com/exam/juet/exam-pattern.html]
[www.collegedekho.com/exam/mdu-cee.html]
[www.collegedekho.com/exam/mdu-cee/results.html]
[www.collegedekho.com/exam/mdu-cee/registration-eligibility.html]
[www.collegedekho.com/exam/mdu-cee/exam-pattern.html]
[www.collegedekho.com/exam/mdu-cee/syllabus.html]
[www.collegedekho.com/exam/mdu-cee/counselling-process.html]
[www.collegedekho.com/exam/mdu-cee/application-form.html]
[www.collegedekho.com/exam/mdu-cee/merit-list.html]
[www.collegedekho.com/exam/bhu-uet/results.html]
[www.collegedekho.com/exam/bhu-uet/admit-card.html]
[www.collegedekho.com/exam/bhu-uet/answer-key.html]
[www.collegedekho.com/exam/bhu-uet/previous-year-question-papers.html]
[www.collegedekho.com/exam/bhu-uet/cutoff.html]
[www.collegedekho.com/exam/bhu-uet/syllabus.html]
[www.collegedekho.com/exam/bhu-uet/application-form.html]
[www.collegedekho.com/exam/bhu-uet/exam-pattern.html]
[www.collegedekho.com/exam/set.html]
[www.collegedekho.com/exam/set/results.html]
[www.collegedekho.com/exam/set/admit-card.html]
[www.collegedekho.com/exam/set/answer-key.html]
[www.collegedekho.com/exam/set/previous-year-question-papers.html]
[www.collegedekho.com/exam/set/syllabus.html]
[www.collegedekho.com/exam/set/registration-eligibility.html]
[www.collegedekho.com/exam/set/sample-papers.html]
[www.collegedekho.com/exam/set/exam-pattern.html]
[www.collegedekho.com/exam/kiitee/results.html]
[www.collegedekho.com/exam/kiitee/admit-card.html]
[www.collegedekho.com/exam/kiitee/answer-key.html]
[www.collegedekho.com/exam/kiitee/previous-year-question-papers.html]
[www.collegedekho.com/exam/kiitee/cutoff.html]
[www.collegedekho.com/exam/kiitee/syllabus.html]
[www.collegedekho.com/exam/kiitee/application-form.html]
[www.collegedekho.com/exam/kiitee/exam-pattern.html]
[www.collegedekho.com/exam/kiitee/sample-papers.html]
[www.collegedekho.com/exam/jmiee/how-to-prepare.html]
[www.collegedekho.com/exam/icar-aieea/syllabus.html]
[www.collegedekho.com/exam/icar-aieea/results.html]
[www.collegedekho.com/exam/icar-aieea/admit-card.html]
[www.collegedekho.com/exam/icar-aieea/exam-pattern.html]
[www.collegedekho.com/exam/icar-aieea/previous-year-question-papers.html]
[www.collegedekho.com/exam/icar-aieea/registration-eligibility.html]
[www.collegedekho.com/exam/icar-aieea/application-form.html]
[www.collegedekho.com/exam/icar-aieea/sample-papers.html]
[www.collegedekho.com/exam/rajasthan-jet/results.html]
[www.collegedekho.com/exam/rajasthan-jet/admit-card.html]
[www.collegedekho.com/exam/rajasthan-jet/answer-key.html]
[www.collegedekho.com/exam/rajasthan-jet/syllabus.html]
[www.collegedekho.com/exam/rajasthan-jet/cutoff.html]
[www.collegedekho.com/exam/rajasthan-jet/merit-list.html]
[www.collegedekho.com/exam/rajasthan-jet/response-sheet.html]
[www.collegedekho.com/exam/rajasthan-jet/application-form.html]
[www.collegedekho.com/exam/upcatet/results.html]
[www.collegedekho.com/exam/upcatet/admit-card.html]
[www.collegedekho.com/exam/upcatet/answer-key.html]
[www.collegedekho.com/exam/upcatet/exam-pattern.html]
[www.collegedekho.com/exam/upcatet/registration-eligibility.html]
[www.collegedekho.com/exam/upcatet/cutoff.html]
[www.collegedekho.com/exam/upcatet/counselling-process.html]
[www.collegedekho.com/exam/upcatet/application-form.html]
[www.collegedekho.com/exam/bcece-agriculture/results.html]
[www.collegedekho.com/exam/bcece-agriculture/admit-card.html]
[www.collegedekho.com/exam/bcece-agriculture/syllabus.html]
[www.collegedekho.com/exam/bcece-agriculture/exam-pattern.html]
[www.collegedekho.com/exam/bcece-agriculture/registration-eligibility.html]
[www.collegedekho.com/exam/bcece-agriculture/counselling-process.html]
[www.collegedekho.com/exam/bcece-agriculture/choice-filling.html]
[www.collegedekho.com/exam/bcece-agriculture/application-form.html]
[www.collegedekho.com/exam/ts-agricet.html]
[www.collegedekho.com/exam/ts-agricet/results.html]
[www.collegedekho.com/exam/ts-agricet/admit-card.html]
[www.collegedekho.com/exam/ts-agricet/registration-eligibility.html]
[www.collegedekho.com/exam/ts-agricet/syllabus.html]
[www.collegedekho.com/exam/ts-agricet/counselling-process.html]
[www.collegedekho.com/exam/ts-agricet/exam-pattern.html]
[www.collegedekho.com/exam/ts-agricet/participating-colleges.html]
[www.collegedekho.com/exam/ts-agricet/application-form.html]
[www.collegedekho.com/exam/gpat/results.html]
[www.collegedekho.com/exam/gpat/admit-card.html]
[www.collegedekho.com/exam/gpat/registration-eligibility.html]
[www.collegedekho.com/exam/gpat/previous-year-question-papers.html]
[www.collegedekho.com/exam/gpat/cutoff.html]
[www.collegedekho.com/exam/gpat/exam-pattern.html]
[www.collegedekho.com/exam/gpat/mock-test.html]
[www.collegedekho.com/exam/gpat/syllabus.html]
[www.collegedekho.com/exam/hpcet/results.html]
[www.collegedekho.com/exam/hpcet/admit-card.html]
[www.collegedekho.com/exam/hpcet/answer-key.html]
[www.collegedekho.com/exam/hpcet/previous-year-question-papers.html]
[www.collegedekho.com/exam/hpcet/syllabus.html]
[www.collegedekho.com/exam/hpcet/exam-pattern.html]
[www.collegedekho.com/exam/hpcet/registration-eligibility.html]
[www.collegedekho.com/exam/hpcet/application-form.html]
[www.collegedekho.com/exam/ojee/results.html]
[www.collegedekho.com/exam/ojee/admit-card.html]
[www.collegedekho.com/exam/ojee/syllabus.html]
[www.collegedekho.com/exam/ojee/previous-year-question-papers.html]
[www.collegedekho.com/exam/ojee/exam-pattern.html]
[www.collegedekho.com/exam/ojee/mock-test.html]
[www.collegedekho.com/exam/ojee/registration-eligibility.html]
[www.collegedekho.com/exam/ojee/application-form.html]
[www.collegedekho.com/exam/ts-eamcet/results.html]
[www.collegedekho.com/exam/ts-eamcet/admit-card.html]
[www.collegedekho.com/exam/ts-eamcet/mock-test.html]
[www.collegedekho.com/exam/ts-eamcet/rank-predictor.html]
[www.collegedekho.com/exam/ts-eamcet/response-sheet.html]
[www.collegedekho.com/exam/ts-eamcet/seat-allotment.html]
[www.collegedekho.com/exam/ts-eamcet/application-form.html]
[www.collegedekho.com/exam/wbjee-results.html]
[www.collegedekho.com/exam/wbjee-admit-card.html]
[www.collegedekho.com/exam/wbjee-answer-key.html]
[www.collegedekho.com/exam/wbjee-question-papers.html]
[www.collegedekho.com/exam/wbjee-cutoff.html]
[www.collegedekho.com/exam/wbjee-exam-pattern.html]
[www.collegedekho.com/exam/wbjee-application-form.html]
[www.collegedekho.com/exam/wbjee-syllabus.html]
[www.collegedekho.com/colleges/ranchi-university.html]
[www.collegedekho.com/university/aktu.html]
[www.collegedekho.com/university/baba-farid-university-of-health-sciences-bfuhs-faridkot.html]
[www.collegedekho.com/university/deen-dayal-upadhyaya-gorakhpur-university-ddu-gorakhpur.html]
[www.collegedekho.com/university/the-west-bengal-university-of-health-science-wbuhs-kolkata.html]
[www.collegedekho.com/university/himachal-pradesh-technical-university-hptu-hamirpur.html]
[www.collegedekho.com/university/the-maharaja-sayajirao-university-of-baroda-msu-vadodara.html]
[www.collegedekho.com/university/maharishi-mahesh-yogi-vedic-vishwavidyalaya-mmyvv-katni.html]
[static.collegedekho.com/static-v3/js/cld/exam-detail-combined.min.518750f3a7dc.js]
[www.collegedekho.com/exam/jee-main/previous-year-question-papers.html]
[www.collegedekho.com/hi/exam/jee-main.html]
[static.collegedekho.com/static-v3/images/bubbels.59a4cfbfc22b.png]
[media.collegedekho.com/media/img/news/JEE_Main_2027_Session_1_Exam_Dates_OUT4e15.png]
[media.collegedekho.com/media/img/news/BCECE_UGEAC_Round_1_Seat_Allotment_Result_2026_Releasing_Today4e15.png]
[media.collegedekho.com/media/img/news/REAP_2026_Mock_Allotment_2026_14e15.png]
[media.collegedekho.com/media/img/news/JCECE_B.Tech_Counselling_2026_14e15.png]
[media.collegedekho.com/media/img/news/JoSAA_First_Mock_Allotment_20264e15.png]
[media.collegedekho.com/media/img/news/BCECE_UGEAC_Merit_List_2026_Live_Updates_14e15.png]
[media.collegedekho.com/media/img/news/DTE_MP_B.Tech_Counselling_2026__14e15.png]
[media.collegedekho.com/media/img/news/_BCECEB_UGEAC_2026_14e15.png]
[media.collegedekho.com/media/img/news/JEE_Main_2026_Paper_2_Result4e15.jpg]
[media.collegedekho.com/media/img/news/JEE_Main_2026_Result_LIVE_Updates_14e15.png]
[media.collegedekho.com/media/img/news/JEE_Main_Toppers_List_2026_Session_24e15.png]
[media.collegedekho.com/media/img/news/JEE_Main_Cutoff_2026_OUT4e15.png]
[media.collegedekho.com/media/img/news/JEE_Main_Final_Answer_Key_2026_Session_2_OUT4e15.png]
[media.collegedekho.com/media/img/news/JEE_Main_Result_2026_14e15.png]
[media.collegedekho.com/media/img/news/JEE_Main_2026_Session_2_Answer_Key_Error4e15.png]
[media.collegedekho.com/media/img/news/Top_Haryana_Colleges_Offering_CSE_AI_Data_Science_and_Emerging_Tech_Branches_in_20264e15.png]
[media.collegedekho.com/media/img/news/ACPC_Gujarat_Round_2_Upgradation_How_to_Try_for_a_Better_College_Without_Forfei_PVk3I0F4e15.png]
[media.collegedekho.com/media/img/news/ACPC_Gujarat_Round_1_Allotment_2026_Should_You_Freeze_a_Government_Seat_or_Wait_qUsPwfH4e15.png]
[media.collegedekho.com/media/img/news/Have_you_secured_admission_to_NIT_CSE_IT_Courses_Learn_these_AI_Skills_to_enhan_wFoRKiB4e15.png]
[media.collegedekho.com/media/img/news/What_Happens_If_You_Dont_Get_Any_Seat_in_JoSAA_2026_Complete_Backup_Plan4e15.png]
[media.collegedekho.com/media/img/news/JoSAA_2026_Document_Verification4e15.png]
[media.collegedekho.com/media/img/news/JEE_Main_2026_EWS_Category_Expected_JoSAA_Closing_Rank_Course-Wise4e15.png]
[media.collegedekho.com/media/img/news/Should_You_Freeze_Float_or_Slide_in_JoSAA_20264e15.png]
[media.collegedekho.com/media/img/news/What_to_Expect_for_200000_Rank_in_JEE_Main_20264e15.png]
[media.collegedekho.com/media/img/news/Can_You_Change_Choices_After_Locking_in_HSTES_Counselling_20264e15.png]
[media.collegedekho.com/media/img/news/What_Happens_If_Your_Category_Certificate_is_Rejected_in_JoSAA_20264e15.png]
[media.collegedekho.com/media/img/news/JEE_Main_2026_General_Category_Expected_JoSAA_Closing_Rank_Course-Wise4e15.png]
[media.collegedekho.com/media/img/news/JEE_Main_2026_SC_Category_Expected_JoSAA_Closing_Rank_Course-Wise4e15.png]
[media.collegedekho.com/media/img/news/JoSAA_Choice_Filling_Order_List_by_Rank4e15.png]
[media.collegedekho.com/media/img/news/NITs_offering_B.Tech_in_Artifical_Intelligence_through_JoSAA_20264e15.png]
[media.collegedekho.com/media/img/news/5_AI_Skills_that_B.Tech_First_Year_Students_Must_Learn_4e15.png]
[media.collegedekho.com/media/img/news/JEE_Main_2026_ST_Category_Expected_JoSAA_Closing_Rank4e15.png]
[www.collegedekho.com/courses/marine-engineering.html]
[media.collegedekho.com/media/button/icons/sample-icon.png]
[static.collegedekho.com/static-v3/images/exam/answer-key-img.jpg]
[static.collegedekho.com/static-v3/images/exam/prev-year-paper.jpg]
[www.collegedekho.com/exam/bitsat/exam-dates.html]
[www.collegedekho.com/exam/gate/exam-dates.html]
[www.collegedekho.com/exam/jee-advanced-exam-dates.html]
[www.collegedekho.com/exam/srmjeee/exam-dates.html]
[www.collegedekho.com/exam/srmjeee/exam-pattern.html]
[www.collegedekho.com/exam/srmjeee/syllabus.html]
[www.collegedekho.com/exam/srmjeee/previous-year-question-papers.html]
[www.collegedekho.com/exam/viteee/exam-pattern.html]
[www.collegedekho.com/exam/viteee/syllabus.html]
[www.collegedekho.com/exam/viteee/previous-year-question-papers.html]
[www.collegedekho.com/exam/wbjee-exam-dates.html]
[www.collegedekho.com/exam/tancet.html]
[www.collegedekho.com/exam/tancet/exam-dates.html]
[www.collegedekho.com/exam/tancet/exam-pattern.html]
[www.collegedekho.com/exam/tancet/syllabus.html]
[www.collegedekho.com/exam/tancet/previous-year-question-papers.html]
[www.collegedekho.com/exam/gujcet.html]
[www.collegedekho.com/exam/gujcet/exam-dates.html]
[www.collegedekho.com/exam/gujcet/exam-pattern.html]
[www.collegedekho.com/exam/gujcet/syllabus.html]
[www.collegedekho.com/exam/gujcet/previous-year-question-papers.html]
[www.collegedekho.com/exam/jee-main/questions.html]
[www.collegedekho.com/qna/cse-branch-govt-college-for-64-percentile-in-jee-main.html]
[www.collegedekho.com/qna/which-college-i-can-get-cs-with-a-jee-main-score-of-91-percentile.html]
[www.collegedekho.com/qna/which-colleges-are-available-for-rank-42-in-jeemain.html]
[www.collegedekho.com/qna/can-i-get-college-for-my-jee-ranking-647849.html]
[www.collegedekho.com/qna/can-i-get-into-galgotiya-college-of-engineering-and-technology-with-83-percentile-in-jee-mains-2025.html]
[www.collegedekho.com/qna/which-college-can-i-get-my-jee-main-rank-is-1-lack-29-thousand.html]
[www.collegedekho.com/qna/colleges-for-sc-category-candidates-in-jee-mains-2025-with-7266-percentile.html]
[www.collegedekho.com/qna/can-i-get-college-sea-when-my-rank-was-58-percentile.html]
[www.collegedekho.com/qna/which-college-will-provide-admission-for-a-66203-crl-rank-in-cse.html]
[www.collegedekho.com/qna/jee-means-given-college-for-14000-15000-rank.html]
[www.collegedekho.com/qna/jee-main-2025-obc-rank-52553-available-colleges.html]
[www.collegedekho.com/qna/67-percentile-colleges-for-females-in-general-category-in-bihar-for-jee-main.html]
[www.collegedekho.com/qna/iiits-and-gfti-for-7-lakh-rank-in-jee-main.html]
[www.collegedekho.com/qna/i-got-8066ile-which-colleges-can-i-get-by-this.html]
[www.collegedekho.com/qna/i-want-to-take-admission-in-good-btech-cse-college-please-suggest-me-some-private-college-i-have-60-percent-in-12th-boards.html]
[www.collegedekho.com/qna/i-have-77-percentile-in-jee-main-and-9818-rank-in-ap-eamcet-which-branch-can-i-get-at-vnr-vjiet-college.html]
[www.collegedekho.com/qna/govt-engineering-college-for-63-percentile-in-jee-main.html]
[www.collegedekho.com/qna/how-many-students-have-appeared-for-2024-jee-mains-and-how-many-selected-for-jee-advanced-2024.html]
[www.collegedekho.com/qna/i-have-got-43-in-pcm-and-i-am-obc-student-can-i-get-admission-in-btech-course.html]
[www.collegedekho.com/qna/my-son-percentile-is-9201is-there-any-chance-to-get-get-good-seat-in-nits.html]
[static.collegedekho.com/static-v3/js/cld/common_exam_widget.min.21e66390b21c3860.js]
[www.collegedekho.com/exam/jee-main.html]
[www.collegedekho.com/hi/exam/jee-main/rank-predictor.html]
[www.collegedekho.com/exam/jee-advanced-rank-predictor.html]
[www.collegedekho.com/exam/jee-main/rank-predictor.html]
[www.collegedekho.com/exam/nata/rank-predictor.html]
[www.collegedekho.com/hi/exam/jee-main/college-predictor.html]
[cdnjs.cloudflare.com/ajax/libs/select2/4.0.5/js/select2.min.js]
[cdnjs.cloudflare.com/ajax/libs/select2/4.0.5/css/select2.min.css]
[cdn.datatables.net/1.10.15/js/jquery.dataTables.min.js]
[cdn.datatables.net/1.10.15/js/dataTables.bootstrap.min.js]
[cdn.datatables.net/1.10.15/css/jquery.dataTables.min.css]
[media.collegedekho.com/media/uploads/2024/01/30/jee-main-college-predictor-2024_x8wALc2.png]
[media.collegedekho.com/media/uploads/2024/01/30/jee-main-college-predictor-register.png]
[www.collegedekho.com/exam/bitsat/college-predictor.html]
[www.collegedekho.com/exam/jee-advanced-college-predictor.html]
[www.collegedekho.com/exam/nata.html]
[www.collegedekho.com/exam/jee-main/college-predictor.html]
[media.collegedekho.com/media/img/news/JEE_Main_Predicted_Percentile_Score_January_2026_Session_1_LIVE_Updates_Marks-w_ZD4T0gadd99.png]
[media.collegedekho.com/media/img/news/JEE_Main_Predicted_Percentile_Score_January_2026_Session_1_LIVE_Updates_Marks-w_ZD4T0ga976f.png]
[media.collegedekho.com/media/img/news/JEE_Main_Predicted_Percentile_Score_January_2026_Session_1_LIVE_Updates_Marks-w_ZD4T0ga59a4.png]
[www.collegedekho.com/news/jee-main-predicted-percentile-score-january-2026-session-1-live-updates-76672/index.html]
[media.collegedekho.com/media/img/news/JEE_Main_Unofficial_Answer_Key_21_January_2026_LIVE_Updatesdd99.png]
[media.collegedekho.com/media/img/news/JEE_Main_Unofficial_Answer_Key_21_January_2026_LIVE_Updates976f.png]
[media.collegedekho.com/media/img/news/JEE_Main_Unofficial_Answer_Key_21_January_2026_LIVE_Updates59a4.png]
[media.collegedekho.com/media/uploads/2026/01/21/image_Y3fNvfr.png]
[media.collegedekho.com/media/uploads/2026/01/21/image_H74uEXa.png]
[media.collegedekho.com/media/uploads/2026/01/21/image_bAeAogE.png]
[media.collegedekho.com/media/uploads/2026/01/21/image_1MZIbRM.png]
[media.collegedekho.com/media/uploads/2026/01/21/image_ZtWWhqu.png]
[media.collegedekho.com/media/uploads/2026/01/21/image_lLJ4qdi.png]
[media.collegedekho.com/media/uploads/2026/01/21/image_G9qG4cQ.png]
[media.collegedekho.com/media/uploads/2026/01/21/image_jPZZOKg.png]
[media.collegedekho.com/media/uploads/2026/01/21/image_QVcfJeg.png]
[media.collegedekho.com/media/uploads/2026/01/21/image_0MIXBNT.png]
[media.collegedekho.com/media/uploads/2026/01/21/image_PMs7Rae.png]
[media.collegedekho.com/media/uploads/2026/01/21/image_harGfvW.png]
[media.collegedekho.com/media/uploads/2026/01/21/image_osDLeUV.png]
[media.collegedekho.com/media/uploads/2026/01/21/image_wtvSZrv.png]
[media.collegedekho.com/media/uploads/2026/01/21/image_pVKAPz5.png]
[media.collegedekho.com/media/uploads/2026/01/21/image_0uqY8Mn.png]
[media.collegedekho.com/media/uploads/2026/01/21/image_CvFpuaa.png]
[media.collegedekho.com/media/uploads/2026/01/21/image_o6B90zv.png]
[media.collegedekho.com/media/uploads/2026/01/21/image_sDdn85Y.png]
[media.collegedekho.com/media/uploads/2026/01/21/image_1joPvet.png]
[media.collegedekho.com/media/uploads/2026/01/21/image_NkntEiZ.png]
[www.collegedekho.com/news/jee-main-unofficial-answer-key-21-january-2026-live-updates-subject-expert-coaching-institute-answer-keys-76615/index.html]
[media.collegedekho.com/media/img/news/LIVE_JEE_Main_Question_Paper_2026_January_21_1dd99.png]
[media.collegedekho.com/media/img/news/LIVE_JEE_Main_Question_Paper_2026_January_21_1976f.png]
[media.collegedekho.com/media/img/news/LIVE_JEE_Main_Question_Paper_2026_January_21_159a4.png]
[www.collegedekho.com/news/live-jee-main-question-paper-2026-january-21-memory-based-questions-physics-chemistry-and-mathematics-76696/index.html]
[media.collegedekho.com/media/img/news/ICAR_UG_Counselling_2025dd99.png]
[media.collegedekho.com/media/img/news/ICAR_UG_Counselling_2025976f.png]
[media.collegedekho.com/media/img/news/ICAR_UG_Counselling_202559a4.png]
[www.collegedekho.com/exam/icar-aieea/choice-filling.html]
[www.collegedekho.com/exam/icar-aieea/seat-allotment.html]
[www.collegedekho.com/qna/can-you-use-rough-paper-and-pen-in-lpunest-exam-online.html]
[www.collegedekho.com/qna/i-want-to-know-full-marks-pass-mark-and-cutoff-marks-of-icar-exam.html]
[www.collegedekho.com/qna/how-much-practical-and-industry-exposure-is-included-in-the-curriculum-at-alpine-group-of-institutes.html]
[media.collegedekho.com/media/img/news/Is_SNAP_2026_Becoming_More_Competitive_1_pLRRDQT1e3b.png]
[media.collegedekho.com/media/img/news/IGNOU_OnlineBBA_2026_11e3b.png]
[media.collegedekho.com/media/img/news/IGNOU_Online_MBA_2026_11e3b.png]
[media.collegedekho.com/media/img/news/6-month_journey_from_kitchen_recipe_to_FSSAI_certification_and_quick-commerce_launch1e3b.png]
[media.collegedekho.com/media/img/news/Engineering_student_analyzing_e-commerce_sales_code_and_growth_charts_on_a_lapt_Qw0mhP51e3b.png]
[media.collegedekho.com/media/img/news/The_1000_D2C_Launch_Checklist1e3b.png]
[media.collegedekho.com/media/img/news/Engineering_student_holding_a_finished_consumer_product_prototype_in_a_universi_AlgRpTu1e3b.png]
[media.collegedekho.com/media/img/news/Side-by-side_comparison_of_an_Amazon_delivery_box_next_to_a_quick-commerce_deli_4sF20n91e3b.png]
[media.collegedekho.com/media/img/news/BioTech_student_in_a_laboratory_testing_functional_food_samples_next_to_finishe_siuwmq71e3b.png]
[media.collegedekho.com/media/img/news/Zepto_delivery_rider_picking_up_products_from_a_local_dark_store_warehouse1e3b.png]
[media.collegedekho.com/media/img/news/Computer_Science_engineering_student_writing_code_for_an_e-commerce_website1e3b.png]
[media.collegedekho.com/media/img/news/Step-by-step_Blinkit_seller_onboarding_process_showing_dark_store_warehouse_logistics1e3b.png]
[media.collegedekho.com/media/img/news/4-step_hardware_manufacturing_roadmap_showing_prototyping1e3b.png]
[www.collegedekho.com/colleges/ciae.html]
[www.collegedekho.com/colleges/indian-agricultural-research-institute.html]
[www.collegedekho.com/colleges/namakkal-veterinary-college.html]
[www.collegedekho.com/colleges/ndri.html]
[www.collegedekho.com/colleges/veterinary-college-and-research-institute-namakkal.html]
[www.collegedekho.com/colleges/punjab-agriculture-university.html]
[www.collegedekho.com/colleges/veterinary-college-udgir.html]
[www.collegedekho.com/articles/icar-ug-counselling-dates-2025-registration-choice-filling-seat-allotment/index.html]
[media.collegedekho.com/media/img/news/AP_EAMCET_Second_Phase_Counselling_2025dd99.png]
[media.collegedekho.com/media/img/news/AP_EAMCET_Second_Phase_Counselling_2025976f.png]
[media.collegedekho.com/media/img/news/AP_EAMCET_Second_Phase_Counselling_202559a4.png]
[www.collegedekho.com/exam/ap-eamcet.html]
[media.collegedekho.com/media/uploads/2025/07/24/ap-eamcet-counselling-2025-phase-2_IPW9pxp.jpg]
[www.collegedekho.com/qna/how-is-lovely-professional-university-for-engineering.html]
[www.collegedekho.com/qna/i-missed-the-deadline-for-lpunest-can-i-still-apply-please-help.html]
[www.collegedekho.com/colleges/iit-roorkee.html]
[www.collegedekho.com/colleges/iit-kharagpur.html]
[www.collegedekho.com/colleges/iit-guwahati.html]
[www.collegedekho.com/colleges/iit-hyderabad.html]
[www.collegedekho.com/articles/ap-eamcet-second-phase-counselling-2025-dates-web-options-seat-allotment/index.html]
[media.collegedekho.com/media/img/news/Expected_Rank_for_500_marks_in_NEET_PG_2025_1dd99.png]
[media.collegedekho.com/media/img/news/Expected_Rank_for_500_marks_in_NEET_PG_2025_1976f.png]
[media.collegedekho.com/media/img/news/Expected_Rank_for_500_marks_in_NEET_PG_2025_159a4.png]
[www.collegedekho.com/qna/cut-off-2025.html]
[www.collegedekho.com/colleges/aiims.html]
[www.collegedekho.com/colleges/pgimer.html]
[www.collegedekho.com/colleges/christian-medical-college-vellore.html]
[www.collegedekho.com/colleges/grant-medical-college.html]
[www.collegedekho.com/university/national-institute-of-mental-health-and-neuro-sciences.html]
[www.collegedekho.com/colleges/jawaharlal-institute-of-postgraduate-medical-education-research.html]
[www.collegedekho.com/colleges/sanjay-gandhi-postgraduate-institute-of-medical-sciences.html]
[www.collegedekho.com/colleges/banaras-hindu-university-faculty-of-science.html]
[www.collegedekho.com/colleges/kasturba-medical-college.html]
[www.collegedekho.com/articles/expected-rank-for-500-marks-in-neet-pg-2025/index.html]
