[backblue.gif]
[fade.gif]
[index.html]
[static.collegedekho.com/static-v3/images/new_ui/common/logo.png]
[nj1-static.collegedekho.com/_next/static/media/admission-process-new.fdb7fefa713b.gif]
[nj1-static.collegedekho.com/_next/static/media/admission-process-new.fdb7fefae4b8.gif]
[media.collegedekho.com/media/img/news/Is_SNAP_2026_Becoming_More_Competitive_1_pLRRDQT9b6f.png]
[media.collegedekho.com/media/img/news/Is_SNAP_2026_Becoming_More_Competitive_1_pLRRDQTa0d7.png]
[media.collegedekho.com/media/img/news/IGNOU_OnlineBBA_2026_19b6f.png]
[media.collegedekho.com/media/img/news/IGNOU_OnlineBBA_2026_1a0d7.png]
[media.collegedekho.com/media/img/news/IGNOU_Online_MBA_2026_19b6f.png]
[media.collegedekho.com/media/img/news/IGNOU_Online_MBA_2026_1a0d7.png]
[media.collegedekho.com/media/img/news/6-month_journey_from_kitchen_recipe_to_FSSAI_certification_and_quick-commerce_launch9b6f.png]
[media.collegedekho.com/media/img/news/6-month_journey_from_kitchen_recipe_to_FSSAI_certification_and_quick-commerce_launcha0d7.png]
[media.collegedekho.com/media/img/news/Engineering_student_analyzing_e-commerce_sales_code_and_growth_charts_on_a_lapt_Qw0mhP59b6f.png]
[media.collegedekho.com/media/img/news/Engineering_student_analyzing_e-commerce_sales_code_and_growth_charts_on_a_lapt_Qw0mhP5a0d7.png]
[media.collegedekho.com/media/img/news/The_1000_D2C_Launch_Checklist9b6f.png]
[media.collegedekho.com/media/img/news/The_1000_D2C_Launch_Checklista0d7.png]
[media.collegedekho.com/media/img/news/IGNOU_Online_MCA_Admissions_20269b6f.png]
[media.collegedekho.com/media/img/news/IGNOU_Online_MCA_Admissions_2026a0d7.png]
[media.collegedekho.com/media/img/news/Engineering_student_holding_a_finished_consumer_product_prototype_in_a_universi_AlgRpTu9b6f.png]
[media.collegedekho.com/media/img/news/Engineering_student_holding_a_finished_consumer_product_prototype_in_a_universi_AlgRpTua0d7.png]
[media.collegedekho.com/media/img/news/NEET_MDS_2026_Round_2_Choice_Filling_Closes_Soon9b6f.jpg]
[media.collegedekho.com/media/img/news/NEET_MDS_2026_Round_2_Choice_Filling_Closes_Soona0d7.jpg]
[media.collegedekho.com/media/img/news/Bihar_UGMAC_2026_Rank_Card_19b6f.png]
[media.collegedekho.com/media/img/news/Bihar_UGMAC_2026_Rank_Card_1a0d7.png]
[media.collegedekho.com/media/img/news/GATE_2027_Registration__19b6f.png]
[media.collegedekho.com/media/img/news/GATE_2027_Registration__1a0d7.png]
[media.collegedekho.com/media/img/news/Maharashtra_B.Sc._Nursing_Round_2_Seat_Matrix_2026_Release_Date9b6f.png]
[media.collegedekho.com/media/img/news/Maharashtra_B.Sc._Nursing_Round_2_Seat_Matrix_2026_Release_Datea0d7.png]
[media.collegedekho.com/media/img/news/AP_EAMCET_2026_BiPC_Phase_2_Option_Entry_Closes_Today_on_September_209b6f.jpg]
[media.collegedekho.com/media/img/news/AP_EAMCET_2026_BiPC_Phase_2_Option_Entry_Closes_Today_on_September_20a0d7.jpg]
[media.collegedekho.com/media/img/news/Maharashtra_BAMS_BHMS_BUMS_Provisional_Merit_List_20269b6f.png]
[media.collegedekho.com/media/img/news/Maharashtra_BAMS_BHMS_BUMS_Provisional_Merit_List_2026a0d7.png]
[media.collegedekho.com/media/img/news/MAH_GNM_CAP_Round_2_Seat_Matrix_2026_19b6f.png]
[media.collegedekho.com/media/img/news/MAH_GNM_CAP_Round_2_Seat_Matrix_2026_1a0d7.png]
[media.collegedekho.com/media/img/news/NEET_MDS_2026_Round_2__19b6f.png]
[media.collegedekho.com/media/img/news/NEET_MDS_2026_Round_2__1a0d7.png]
[media.collegedekho.com/media/img/news/Untitled_design_-_2023-06-16T125818.415_iUZP7Ch1629.png]
[media.collegedekho.com/media/img/news/Bihar_Board_10th_Exam_Date1629.png]
[media.collegedekho.com/media/img/news/UP_Board_10th_Time_Table1629.png]
[media.collegedekho.com/media/img/news/UP_Board_12th_Time_Table_2025_11629.png]
[media.collegedekho.com/media/img/news/Maharashtra_SSC_Time_Table_2025_1_11629.png]
[media.collegedekho.com/media/img/news/Maharashtra_HSC_Time_Table1629.png]
[media.collegedekho.com/media/img/news/AP_SSC_Time_Table_20251629.png]
[media.collegedekho.com/media/img/news/TS_SSC_Time_Table_20251629.png]
[media.collegedekho.com/media/img/news/TS_Intermediate_Time_Table_11629.png]
[media.collegedekho.com/media/img/news/Tamil_Nadu_10th_Time_Table_11629.png]
[media.collegedekho.com/media/img/news/Tamil_Nadu_12th_Time_Table_20251629.png]
[media.collegedekho.com/media/img/news/Kerala_SSLC_Time_Table_2025_11629.png]
[media.collegedekho.com/media/img/news/Kerala_Board1629.png]
[media.collegedekho.com/media/img/news/Karnataka_SSLC_Time_Table_20251629.png]
[media.collegedekho.com/media/img/news/Karnataka_2nd_PUC_Time_Table_11629.png]
[media.collegedekho.com/media/img/news/MP_Board_10th_Time_Table1629.png]
[media.collegedekho.com/media/img/news/MP_Board_12th_Time_Table_20251629.png]
[media.collegedekho.com/media/img/news/PSEB_10th_Date_Sheet__11629.png]
[media.collegedekho.com/media/img/news/PSEB_12th_Date_Sheet_2025_11629.png]
[media.collegedekho.com/media/img/news/JAC_10th_Exam_Date1629.png]
[media.collegedekho.com/media/img/news/JAC_12th_Exam_Date_11629.png]
[media.collegedekho.com/media/img/news/RBSE_10th_Time_Table_20251629.png]
[media.collegedekho.com/media/img/news/RBSE_12th_Time_Table_20251629.png]
[media.collegedekho.com/media/img/news/GSEB_SSC_Time_Table_11629.png]
[media.collegedekho.com/media/img/news/GSEB_HSC_Time_Table_20251629.png]
[media.collegedekho.com/media/img/news/CGBSE_10th_Time_Table_2025_1_Taz5fP81629.png]
[media.collegedekho.com/media/img/news/CGBSE_12th_Time_Table1629.png]
[media.collegedekho.com/media/img/news/HBSE_10th_Date_Sheet_20251629.png]
[media.collegedekho.com/media/img/news/HP_Board_10th_Date_Sheet_20251629.png]
[media.collegedekho.com/media/img/news/HP_Board_12th_Date_Sheet_20251629.png]
[media.collegedekho.com/media/img/news/tbse_hs_routine1629.png]
[media.collegedekho.com/media/img/institute/logo/DPG_logo_1_104x104f8b3.png]
[media.collegedekho.com/media/img/institute/logo/logo-200_3f8b3.png]
[media.collegedekho.com/media/img/institute/logo/Sigma_University_Logof8b3.png]
[media.collegedekho.com/media/img/institute/logo/Renaissance_University_Indore_-_Logo_2f8b3.jpg]
[media.collegedekho.com/media/img/institute/logo/cgc_3f8b3.jpg]
[media.collegedekho.com/media/img/institute/logo/Oriental_logo_200x200f8b3.png]
[media.collegedekho.com/media/img/institute/logo/Jhanjerif8b3.jpg]
[media.collegedekho.com/media/img/institute/logo/Jecrc_final_logof8b3.jpg]
[media.collegedekho.com/media/img/institute/logo/Sage_University_Indore_-_logof8b3.png]
[media.collegedekho.com/media/img/institute/logo/embelem-1f8b3.jpg]
[media.collegedekho.com/media/img/institute/logo/1571229782phpsAaVJGf8b3.jpg]
[media.collegedekho.com/media/img/institute/logo/Lovely_Professional_University_Sealf8b3.jpg]
[media.collegedekho.com/media/img/institute/logo/Final_name_style_05-12-221_104x104f8b3.jpg]
[media.collegedekho.com/media/img/institute/logo/WhatsApp_Image_2023-03-06_at_11.16.15_AM_MFoyM10f8b3.jpg]
[media.collegedekho.com/media/img/institute/logo/CU_LOGO_PNG-01_1_104x104f8b3.png]
[www.collegedekho.com/index.html]
[www.collegedekho.com/android-app_/com.collegedekho.app/https/www.collegedekho.com/fragment_institute_list/institutes/undefined/index.html]
[nj1-static.collegedekho.com/_next/static/css/2b0b2f90b66e1027.css]
[nj1-static.collegedekho.com/_next/static/css/c34cd972f142220c.css]
[nj1-static.collegedekho.com/_next/static/css/073042f271301a5f.css]
[nj1-static.collegedekho.com/_next/static/css/dc455a766e111507.css]
[nj1-static.collegedekho.com/_next/static/chunks/polyfills-42372ed130431b0a.js]
[nj1-static.collegedekho.com/_next/static/chunks/webpack-84097150ceb090c5.js]
[nj1-static.collegedekho.com/_next/static/chunks/framework-8200559f25044701.js]
[nj1-static.collegedekho.com/_next/static/chunks/main-e73d9b085c6fb51f.js]
[nj1-static.collegedekho.com/_next/static/chunks/pages/_app-b1ffddeedaf4c6dc.js]
[nj1-static.collegedekho.com/_next/static/chunks/9965-271fe2f897fb1fd8.js]
[nj1-static.collegedekho.com/_next/static/chunks/1106-712252a3759c8ecf.js]
[nj1-static.collegedekho.com/_next/static/chunks/5326-a6308d65925da148.js]
[nj1-static.collegedekho.com/_next/static/chunks/7849-7896c26cb4f0b0af.js]
[nj1-static.collegedekho.com/_next/static/chunks/9032-42621aae487e9591.js]
[nj1-static.collegedekho.com/_next/static/chunks/195-fad29188e69063e5.js]
[nj1-static.collegedekho.com/_next/static/chunks/74-7c556c2859168dae.js]
[nj1-static.collegedekho.com/_next/static/chunks/8088-dcdce1ba9a9dc6f3.js]
[nj1-static.collegedekho.com/_next/static/chunks/pages/index-f5b90e569ae56d89.js]
[nj1-static.collegedekho.com/_next/static/6lPQVuvejfJiEPmRUL7Hn/_buildManifest.js]
[nj1-static.collegedekho.com/_next/static/6lPQVuvejfJiEPmRUL7Hn/_ssgManifest.js]
[nj1-static.collegedekho.com/_next/static/media/awesome-image.27b203b53204.png]
[nj1-static.collegedekho.com/_next/static/media/awesome-image.27b203b5c1c3.png]
[media.collegedekho.com/media/img/institute/logo/144299040564c0.png]
[media.collegedekho.com/media/img/institute/logo/1442990405a0d7.png]
[media.collegedekho.com/media/img/institute/logo/dsnvbsdmv64c0.jpg]
[media.collegedekho.com/media/img/institute/logo/dsnvbsdmva0d7.jpg]
[media.collegedekho.com/media/img/institute/logo/1538806269164c0.png]
[media.collegedekho.com/media/img/institute/logo/15388062691a0d7.png]
[media.collegedekho.com/media/img/etp_institute/logo/159755386741664c0.jpg]
[media.collegedekho.com/media/img/etp_institute/logo/1597553867416a0d7.jpg]
[media.collegedekho.com/media/img/institute/logo/AIIT-Logo_w264c0.png]
[media.collegedekho.com/media/img/institute/logo/AIIT-Logo_w2a0d7.png]
[media.collegedekho.com/media/img/institute/logo/Lisaa_Logo64c0.png]
[media.collegedekho.com/media/img/institute/logo/Lisaa_Logoa0d7.png]
[media.collegedekho.com/media/img/institute/logo/logo_design64c0.png]
[media.collegedekho.com/media/img/institute/logo/logo_designa0d7.png]
[media.collegedekho.com/media/img/institute/logo/download_1364c0.png]
[media.collegedekho.com/media/img/institute/logo/download_13a0d7.png]
[media.collegedekho.com/media/img/institute/logo/rl64c0.jpg]
[media.collegedekho.com/media/img/institute/logo/rla0d7.jpg]
[media.collegedekho.com/media/img/institute/logo/MU_jaipur64c0.jpg]
[media.collegedekho.com/media/img/institute/logo/MU_jaipura0d7.jpg]
[media.collegedekho.com/media/img/institute/logo/University_of_Technology_logo_Square64c0.jpg]
[media.collegedekho.com/media/img/institute/logo/University_of_Technology_logo_Squarea0d7.jpg]
[media.collegedekho.com/media/img/institute/logo/1._PNG_104x10464c0.png]
[media.collegedekho.com/media/img/institute/logo/1._PNG_104x104a0d7.png]
[media.collegedekho.com/media/img/institute/logo/DBU_newlogo_104x10464c0.png]
[media.collegedekho.com/media/img/institute/logo/DBU_newlogo_104x104a0d7.png]
[media.collegedekho.com/media/img/institute/logo/GLA_University_logo64c0.png]
[media.collegedekho.com/media/img/institute/logo/GLA_University_logoa0d7.png]
[media.collegedekho.com/media/img/institute/logo/SPSU_Final_logo_1-01-01-01_104x10464c0.png]
[media.collegedekho.com/media/img/institute/logo/SPSU_Final_logo_1-01-01-01_104x104a0d7.png]
[media.collegedekho.com/media/img/institute/logo/144904546664c0.jpg]
[media.collegedekho.com/media/img/institute/logo/1449045466a0d7.jpg]
[media.collegedekho.com/media/img/institute/logo/SRMU_logo64c0.jpg]
[media.collegedekho.com/media/img/institute/logo/SRMU_logoa0d7.jpg]
[media.collegedekho.com/media/img/institute/logo/Sage_University_Indore_-_logo64c0.png]
[media.collegedekho.com/media/img/institute/logo/Sage_University_Indore_-_logoa0d7.png]
[media.collegedekho.com/media/img/institute/logo/sdkjvgisuakvasd64c0.png]
[media.collegedekho.com/media/img/institute/logo/sdkjvgisuakvasda0d7.png]
[media.collegedekho.com/media/img/institute/logo/unnamed_PTcl1yS64c0.png]
[media.collegedekho.com/media/img/institute/logo/unnamed_PTcl1ySa0d7.png]
[media.collegedekho.com/media/img/institute/logo/JKP4R5AG_400x40064c0.jpg]
[media.collegedekho.com/media/img/institute/logo/JKP4R5AG_400x400a0d7.jpg]
[media.collegedekho.com/media/img/institute/logo/logaaaaao_3_1_104x10464c0.jpg]
[media.collegedekho.com/media/img/institute/logo/logaaaaao_3_1_104x104a0d7.jpg]
[media.collegedekho.com/media/img/institute/logo/ssiet64c0.png]
[media.collegedekho.com/media/img/institute/logo/ssieta0d7.png]
[media.collegedekho.com/media/img/institute/logo/Indus_International_University_logo_104x10464c0.png]
[media.collegedekho.com/media/img/institute/logo/Indus_International_University_logo_104x104a0d7.png]
[media.collegedekho.com/media/img/institute/logo/AKS_University_logo_ymRxNWv64c0.png]
[media.collegedekho.com/media/img/institute/logo/AKS_University_logo_ymRxNWva0d7.png]
[media.collegedekho.com/media/img/institute/logo/download_2964c0.jpg]
[media.collegedekho.com/media/img/institute/logo/download_29a0d7.jpg]
[www.collegedekho.com/assured.html]
[media.collegedekho.com/media/img/institute/logo/JU_Logo_-_High_weight_-semper_ceCLx5r64c0.png]
[media.collegedekho.com/media/img/institute/logo/JU_Logo_-_High_weight_-semper_ceCLx5ra0d7.png]
[media.collegedekho.com/media/img/institute/logo/Screenshot_from_2023-06-16_12-50-1564c0.png]
[media.collegedekho.com/media/img/institute/logo/Screenshot_from_2023-06-16_12-50-15a0d7.png]
[media.collegedekho.com/media/img/institute/logo/Screenshot_from_2024-01-23_15-24-4364c0.png]
[media.collegedekho.com/media/img/institute/logo/Screenshot_from_2024-01-23_15-24-43a0d7.png]
[media.collegedekho.com/media/img/institute/logo/final_logo.jpg_164c0.jpg]
[media.collegedekho.com/media/img/institute/logo/final_logo.jpg_1a0d7.jpg]
[media.collegedekho.com/media/img/institute/logo/Insignia_pnj64c0.png]
[media.collegedekho.com/media/img/institute/logo/Insignia_pnja0d7.png]
[media.collegedekho.com/media/img/institute/logo/ADYPU_Logo_Square64c0.png]
[media.collegedekho.com/media/img/institute/logo/ADYPU_Logo_Squarea0d7.png]
[media.collegedekho.com/media/img/institute/logo/6GKSoGX164c0.jpg]
[media.collegedekho.com/media/img/institute/logo/6GKSoGX1a0d7.jpg]
[media.collegedekho.com/media/img/institute/logo/GD_Goenka_University_Sohna_Logo64c0.jpg]
[media.collegedekho.com/media/img/institute/logo/GD_Goenka_University_Sohna_Logoa0d7.jpg]
[media.collegedekho.com/media/img/institute/logo/aboutlogo64c0.jpg]
[media.collegedekho.com/media/img/institute/logo/aboutlogoa0d7.jpg]
[media.collegedekho.com/media/img/institute/logo/Sandip_Logo_Square64c0.png]
[media.collegedekho.com/media/img/institute/logo/Sandip_Logo_Squarea0d7.png]
[media.collegedekho.com/media/img/institute/logo/Alard_logo_0702202564c0.jpg]
[media.collegedekho.com/media/img/institute/logo/Alard_logo_07022025a0d7.jpg]
[media.collegedekho.com/media/img/institute/logo/VGI_-_Logo_ZeHRJUA64c0.png]
[media.collegedekho.com/media/img/institute/logo/VGI_-_Logo_ZeHRJUAa0d7.png]
[media.collegedekho.com/media/img/institute/logo/DPG_logo_1_104x10464c0.png]
[media.collegedekho.com/media/img/institute/logo/DPG_logo_1_104x104a0d7.png]
[www.collegedekho.com/news/gate-2027-registration-ongoing-last-date-steps-to-fill-application-80049/index.html]
[media.collegedekho.com/media/img/institute/logo/142797487864c0.jpg]
[media.collegedekho.com/media/img/institute/logo/1427974878a0d7.jpg]
[media.collegedekho.com/media/img/institute/logo/IntegralUniversityLogo64c0.jpg]
[media.collegedekho.com/media/img/institute/logo/IntegralUniversityLogoa0d7.jpg]
[media.collegedekho.com/media/img/institute/logo/142331251264c0.jpg]
[media.collegedekho.com/media/img/institute/logo/1423312512a0d7.jpg]
[media.collegedekho.com/media/img/institute/logo/New-Logo-Shimla-University-3_264c0.jpg]
[media.collegedekho.com/media/img/institute/logo/New-Logo-Shimla-University-3_2a0d7.jpg]
[www.collegedekho.com/news/maharashtra-bsc-nursing-round-2-seat-matrix-2026-releasing-on-september-21-medical2026mahacetorg-80058/index.html]
[media.collegedekho.com/media/img/institute/logo/download_HwSBpBI64c0.jpg]
[media.collegedekho.com/media/img/institute/logo/download_HwSBpBIa0d7.jpg]
[media.collegedekho.com/media/img/institute/logo/Square_Logo64c0.png]
[media.collegedekho.com/media/img/institute/logo/Square_Logoa0d7.png]
[media.collegedekho.com/media/img/institute/logo/3654-hindustanuniversityhuchennai_logo64c0.jpg]
[media.collegedekho.com/media/img/institute/logo/3654-hindustanuniversityhuchennai_logoa0d7.jpg]
[media.collegedekho.com/media/img/institute/logo/Attachment_1_164c0.png]
[media.collegedekho.com/media/img/institute/logo/Attachment_1_1a0d7.png]
[media.collegedekho.com/media/img/institute/logo/SPIT_Mumbai_Logo64c0.jpg]
[media.collegedekho.com/media/img/institute/logo/SPIT_Mumbai_Logoa0d7.jpg]
[media.collegedekho.com/media/img/institute/logo/Rai_University_logo64c0.png]
[media.collegedekho.com/media/img/institute/logo/Rai_University_logoa0d7.png]
[media.collegedekho.com/media/img/institute/logo/Oriental_logo_200x20064c0.png]
[media.collegedekho.com/media/img/institute/logo/Oriental_logo_200x200a0d7.png]
[media.collegedekho.com/media/img/institute/logo/piet_logo64c0.jpg]
[media.collegedekho.com/media/img/institute/logo/piet_logoa0d7.jpg]
[media.collegedekho.com/media/img/institute/logo/image_4264c0.png]
[media.collegedekho.com/media/img/institute/logo/image_42a0d7.png]
[media.collegedekho.com/media/img/institute/logo/Sushant_logo64c0.png]
[media.collegedekho.com/media/img/institute/logo/Sushant_logoa0d7.png]
[media.collegedekho.com/media/img/institute/logo/image00164c0.jpg]
[www.collegedekho.com/news/maharashtra-bams-bhms-bums-provisional-merit-list-2026-today-on-sept-20-at-medical2026mahacetorg-80013/index.html]
[media.collegedekho.com/media/img/institute/logo/image001a0d7.jpg]
[media.collegedekho.com/media/img/institute/logo/Lovely_Professional_University_Seal64c0.jpg]
[media.collegedekho.com/media/img/institute/logo/Lovely_Professional_University_Seala0d7.jpg]
[media.collegedekho.com/media/img/institute/logo/download_1064c0.png]
[media.collegedekho.com/media/img/institute/logo/download_10a0d7.png]
[media.collegedekho.com/media/img/institute/logo/Sage_University_Bhopal_-_logo_sY1VfWF64c0.jpg]
[media.collegedekho.com/media/img/institute/logo/Sage_University_Bhopal_-_logo_sY1VfWFa0d7.jpg]
[media.collegedekho.com/media/img/institute/logo/Renaissance_University_Indore_-_Logo_264c0.jpg]
[media.collegedekho.com/media/img/institute/logo/Renaissance_University_Indore_-_Logo_2a0d7.jpg]
[media.collegedekho.com/media/img/institute/logo/1644572523phpTrplEJ_104x10464c0.jpg]
[media.collegedekho.com/media/img/institute/logo/1644572523phpTrplEJ_104x104a0d7.jpg]
[media.collegedekho.com/media/img/institute/logo/Geeta_logo64c0.png]
[media.collegedekho.com/media/img/institute/logo/Geeta_logoa0d7.png]
[media.collegedekho.com/media/img/institute/logo/UT64c0.png]
[media.collegedekho.com/media/img/institute/logo/UTa0d7.png]
[media.collegedekho.com/media/img/university/VU-464c0.png]
[media.collegedekho.com/media/img/university/VU-4a0d7.png]
[media.collegedekho.com/media/img/institute/logo/download_aQPetEc64c0.png]
[media.collegedekho.com/media/img/institute/logo/download_aQPetEca0d7.png]
[www.collegedekho.com/news/mah-gnm-cap-round-2-seat-matrix-2026-september-21-80038/index.html]
[media.collegedekho.com/media/img/institute/logo/square-crop64c0.jpg]
[media.collegedekho.com/media/img/institute/logo/square-cropa0d7.jpg]
[media.collegedekho.com/media/img/institute/logo/Screenshot_from_2024-03-06_15-56-1564c0.png]
[media.collegedekho.com/media/img/institute/logo/Screenshot_from_2024-03-06_15-56-15a0d7.png]
[media.collegedekho.com/media/img/institute/logo/Indore_logo_PmJO1vM64c0.jpg]
[media.collegedekho.com/media/img/institute/logo/Indore_logo_PmJO1vMa0d7.jpg]
[media.collegedekho.com/media/img/institute/logo/logo_11_q5BkbEQ64c0.png]
[media.collegedekho.com/media/img/institute/logo/logo_11_q5BkbEQa0d7.png]
[media.collegedekho.com/media/img/etp_institute/logo/download_1064c0.png]
[media.collegedekho.com/media/img/etp_institute/logo/download_10a0d7.png]
[media.collegedekho.com/media/img/institute/logo/download_S7OhnJ164c0.png]
[media.collegedekho.com/media/img/institute/logo/download_S7OhnJ1a0d7.png]
[media.collegedekho.com/media/img/institute/logo/Oxbridge_Group_of_Institutions_Bangalore_Logo_64c0.png]
[www.collegedekho.com/news/maharashtra-state-cet-cell-to-release-pgd-round-2-seat-matrix-2026-on-sept-21-view-category-wise-vacancies-80047/index.html]
[media.collegedekho.com/media/img/institute/logo/Oxbridge_Group_of_Institutions_Bangalore_Logo_a0d7.png]
[media.collegedekho.com/media/img/etp_institute/logo/1517023361911_RyZYw7X64c0.jpg]
[media.collegedekho.com/media/img/etp_institute/logo/1517023361911_RyZYw7Xa0d7.jpg]
[media.collegedekho.com/media/img/institute/logo/GE64c0.png]
[media.collegedekho.com/media/img/institute/logo/GEa0d7.png]
[media.collegedekho.com/media/img/institute/logo/IFIM64c0.png]
[media.collegedekho.com/media/img/institute/logo/IFIMa0d7.png]
[media.collegedekho.com/media/img/institute/logo/BIMS_-_Logo64c0.png]
[www.collegedekho.com/news/mp-anm-gnm-2026-seat-allotment-result-for-final-round-releasing-today-know-when-result-link-will-be-activated-80048/index.html]
[media.collegedekho.com/media/img/institute/logo/BIMS_-_Logoa0d7.png]
[media.collegedekho.com/media/img/institute/logo/DPU_108x10864c0.png]
[media.collegedekho.com/media/img/institute/logo/DPU_108x108a0d7.png]
[media.collegedekho.com/media/img/institute/logo/PCU-Logo-0164c0.png]
[media.collegedekho.com/media/img/institute/logo/PCU-Logo-01a0d7.png]
[media.collegedekho.com/media/img/institute/logo/dbgi64c0.png]
[media.collegedekho.com/media/img/institute/logo/dbgia0d7.png]
[media.collegedekho.com/media/img/institute/logo/sadvaknsdvs64c0.jpg]
[www.collegedekho.com/news/bihar-ugmac-round-2-rank-card-2026-releasing-on-september-20-bceceboardbihargovin-80046/index.html]
[media.collegedekho.com/media/img/institute/logo/sadvaknsdvsa0d7.jpg]
[media.collegedekho.com/media/img/institute/logo/JLU_logo_104x10464c0.jpg]
[media.collegedekho.com/media/img/institute/logo/JLU_logo_104x104a0d7.jpg]
[media.collegedekho.com/media/img/institute/logo/Jecrc_final_logo64c0.jpg]
[media.collegedekho.com/media/img/institute/logo/Jecrc_final_logoa0d7.jpg]
[www.collegedekho.com/news/maharashtra-hsc-ssc-2027-exam-dates-out-know-when-the-exam-will-be-conducted-80015/index.html]
[media.collegedekho.com/media/img/institute/logo/downloadff_104x10464c0.jpg]
[media.collegedekho.com/media/img/institute/logo/downloadff_104x104a0d7.jpg]
[media.collegedekho.com/media/img/institute/logo/images_764c0.png]
[media.collegedekho.com/media/img/institute/logo/images_7a0d7.png]
[media.collegedekho.com/media/img/institute/logo/Logo_1_muhvTn564c0.jpg]
[media.collegedekho.com/media/img/institute/logo/Logo_1_muhvTn5a0d7.jpg]
[media.collegedekho.com/media/img/institute/logo/KU_Raipur_logo64c0.jpg]
[media.collegedekho.com/media/img/institute/logo/KU_Raipur_logoa0d7.jpg]
[media.collegedekho.com/media/img/institute/logo/dr-c-v-raman-university-squarelogo-147316377727764c0.png]
[media.collegedekho.com/media/img/institute/logo/dr-c-v-raman-university-squarelogo-1473163777277a0d7.png]
[media.collegedekho.com/media/img/institute/logo/144490065464c0.jpg]
[media.collegedekho.com/media/img/institute/logo/1444900654a0d7.jpg]
[media.collegedekho.com/media/img/institute/logo/1486354667xseacomskillsuniversitybirbhum55270.jpg.pagespeed.ic.Qt1JgoghYw9gNS64c0.jpg]
[media.collegedekho.com/media/img/institute/logo/1486354667xseacomskillsuniversitybirbhum55270.jpg.pagespeed.ic.Qt1JgoghYw9gNSa0d7.jpg]
[media.collegedekho.com/media/img/institute/logo/adms64c0.png]
[media.collegedekho.com/media/img/institute/logo/admsa0d7.png]
[media.collegedekho.com/media/img/institute/logo/ASM_logo164c0.jpg]
[media.collegedekho.com/media/img/institute/logo/ASM_logo1a0d7.jpg]
[www.collegedekho.com/news/jharkhand-bsc-agriculture-round-1-seat-allotment-result-releasing-on-september-18-jcecebjharkhandgovin-80090/index.html]
[media.collegedekho.com/media/img/institute/logo/download_1_5XmHrsf64c0.jpg]
[media.collegedekho.com/media/img/institute/logo/download_1_5XmHrsfa0d7.jpg]
[media.collegedekho.com/media/img/institute/logo/14653894091460437591JNU64c0.png]
[media.collegedekho.com/media/img/institute/logo/14653894091460437591JNUa0d7.png]
[media.collegedekho.com/media/img/institute/logo/AAEAAQAAAAAAAAUpAAAAJDM0OTA4YTJhLTRiYWMtNDVmOS1iMWI0LWM0YjZjYzk0MTBiOA64c0.png]
[media.collegedekho.com/media/img/institute/logo/AAEAAQAAAAAAAAUpAAAAJDM0OTA4YTJhLTRiYWMtNDVmOS1iMWI0LWM0YjZjYzk0MTBiOAa0d7.png]
[media.collegedekho.com/media/img/etp_institute/logo/logo64c0.png]
[media.collegedekho.com/media/img/etp_institute/logo/logoa0d7.png]
[www.collegedekho.com/news/ap-pgcet-2026-phase-1-seat-allotment-result-on-september-21-release-time-analysis-80008/index.html]
[media.collegedekho.com/media/img/institute/logo/1587455701phpxt91Zm64c0.jpg]
[media.collegedekho.com/media/img/institute/logo/1587455701phpxt91Zma0d7.jpg]
[media.collegedekho.com/media/img/institute/logo/310685737_8399210800096747_6581575075332483284_n64c0.jpg]
[media.collegedekho.com/media/img/institute/logo/310685737_8399210800096747_6581575075332483284_na0d7.jpg]
[media.collegedekho.com/media/img/institute/logo/adtu_new_logo__104x10464c0.webp]
[media.collegedekho.com/media/img/institute/logo/adtu_new_logo__104x104a0d7.webp]
[nj1-static.collegedekho.com/_next/static/media/barclays.1cc76677a77d.png]
[nj1-static.collegedekho.com/_next/static/media/barclays.1cc766773204.png]
[nj1-static.collegedekho.com/_next/static/media/wipro.13441a4ca77d.png]
[nj1-static.collegedekho.com/_next/static/media/wipro.13441a4c3204.png]
[nj1-static.collegedekho.com/_next/static/media/ey.184fa789a77d.png]
[nj1-static.collegedekho.com/_next/static/media/ey.184fa7893204.png]
[nj1-static.collegedekho.com/_next/static/media/tcs.ec3a8ca6a77d.png]
[nj1-static.collegedekho.com/_next/static/media/tcs.ec3a8ca63204.png]
[nj1-static.collegedekho.com/_next/static/media/walmart.a313b33ca77d.png]
[nj1-static.collegedekho.com/_next/static/media/walmart.a313b33c3204.png]
[nj1-static.collegedekho.com/_next/static/media/deloitte.d1981894a77d.png]
[nj1-static.collegedekho.com/_next/static/media/deloitte.d19818943204.png]
[nj1-static.collegedekho.com/_next/static/media/ibm.2aea32f1a77d.png]
[nj1-static.collegedekho.com/_next/static/media/ibm.2aea32f13204.png]
[nj1-static.collegedekho.com/_next/static/media/microsoft.b43ce9f2a77d.png]
[nj1-static.collegedekho.com/_next/static/media/microsoft.b43ce9f23204.png]
[nj1-static.collegedekho.com/_next/static/media/morgan-stanley.7de615e8a77d.png]
[nj1-static.collegedekho.com/_next/static/media/morgan-stanley.7de615e83204.png]
[nj1-static.collegedekho.com/_next/static/media/pwc.0454f4e4a77d.png]
[nj1-static.collegedekho.com/_next/static/media/pwc.0454f4e43204.png]
[media.collegedekho.com/media/assured-images/WhatsApp_Image_2024-01-30_at_11.46.13_AM_19b6f.jpg]
[media.collegedekho.com/media/assured-images/WhatsApp_Image_2024-01-30_at_11.46.13_AM_125ec.jpg]
[media.collegedekho.com/media/assured-images/WhatsApp_Image_2024-01-30_at_3.05.37_PM_59b6f.jpg]
[media.collegedekho.com/media/assured-images/WhatsApp_Image_2024-01-30_at_3.05.37_PM_525ec.jpg]
[media.collegedekho.com/media/assured-images/WhatsApp_Image_2024-01-30_at_3.05.37_PM_49b6f.jpg]
[media.collegedekho.com/media/assured-images/WhatsApp_Image_2024-01-30_at_3.05.37_PM_425ec.jpg]
[media.collegedekho.com/media/assured-images/WhatsApp_Image_2024-01-30_at_3.03.25_PM9b6f.jpg]
[media.collegedekho.com/media/assured-images/WhatsApp_Image_2024-01-30_at_3.03.25_PM25ec.jpg]
[media.collegedekho.com/media/assured-images/WhatsApp_Image_2024-01-30_at_2.30.58_PM_59b6f.jpg]
[media.collegedekho.com/media/assured-images/WhatsApp_Image_2024-01-30_at_2.30.58_PM_525ec.jpg]
[media.collegedekho.com/media/assured-images/WhatsApp_Image_2024-01-30_at_2.20.59_PM_19b6f.jpg]
[media.collegedekho.com/media/assured-images/WhatsApp_Image_2024-01-30_at_2.20.59_PM_125ec.jpg]
[media.collegedekho.com/media/assured-images/WhatsApp_Image_2024-01-30_at_2.20.58_PM9b6f.jpg]
[media.collegedekho.com/media/assured-images/WhatsApp_Image_2024-01-30_at_2.20.58_PM25ec.jpg]
[media.collegedekho.com/media/assured-images/WhatsApp_Image_2023-06-01_at_12.50.56_PM_29b6f.jpg]
[media.collegedekho.com/media/assured-images/WhatsApp_Image_2023-06-01_at_12.50.56_PM_225ec.jpg]
[media.collegedekho.com/media/assured-images/WhatsApp_Image_2023-06-01_at_1.36.50_PM_19b6f.jpg]
[media.collegedekho.com/media/assured-images/WhatsApp_Image_2023-06-01_at_1.36.50_PM_125ec.jpg]
[media.collegedekho.com/media/assured-images/WhatsApp_Image_2023-06-01_at_1.36.48_PM_29b6f.jpg]
[media.collegedekho.com/media/assured-images/WhatsApp_Image_2023-06-01_at_1.36.48_PM_225ec.jpg]
[media.collegedekho.com/media/assured-images/WhatsApp_Image_2023-06-01_at_1.36.47_PM_19b6f.jpg]
[media.collegedekho.com/media/assured-images/WhatsApp_Image_2023-06-01_at_1.36.47_PM_125ec.jpg]
[media.collegedekho.com/media/assured-images/WhatsApp_Image_2023-06-01_at_1.36.46_PM_19b6f.jpg]
[media.collegedekho.com/media/assured-images/WhatsApp_Image_2023-06-01_at_1.36.46_PM_125ec.jpg]
[img.youtube.com/vi/JsiA7hPXSLo/hqdefault3204.jpg]
[img.youtube.com/vi/JsiA7hPXSLo/hqdefaultc1c3.jpg]
[img.youtube.com/vi/hKmSgopaYkA/hqdefault3204.jpg]
[img.youtube.com/vi/hKmSgopaYkA/hqdefaultc1c3.jpg]
[img.youtube.com/vi/xe4Wx-HOrkk/hqdefault3204.jpg]
[img.youtube.com/vi/xe4Wx-HOrkk/hqdefaultc1c3.jpg]
[img.youtube.com/vi/OU2XaJ2c3xk/hqdefault3204.jpg]
[img.youtube.com/vi/OU2XaJ2c3xk/hqdefaultc1c3.jpg]
[img.youtube.com/vi/z6FybHBo4Gc/hqdefault3204.jpg]
[img.youtube.com/vi/z6FybHBo4Gc/hqdefaultc1c3.jpg]
[img.youtube.com/vi/JUencTcRUWQ/hqdefault3204.jpg]
[img.youtube.com/vi/JUencTcRUWQ/hqdefaultc1c3.jpg]
[img.youtube.com/vi/086-e5jQcOo/hqdefault3204.jpg]
[img.youtube.com/vi/086-e5jQcOo/hqdefaultc1c3.jpg]
[img.youtube.com/vi/SPyJSGk8HUE/hqdefault3204.jpg]
[img.youtube.com/vi/SPyJSGk8HUE/hqdefaultc1c3.jpg]
[img.youtube.com/vi/DI7QKsibkTA/hqdefault3204.jpg]
[img.youtube.com/vi/DI7QKsibkTA/hqdefaultc1c3.jpg]
[img.youtube.com/vi/ZUXdPEYS5bo/hqdefault3204.jpg]
[img.youtube.com/vi/ZUXdPEYS5bo/hqdefaultc1c3.jpg]
[img.youtube.com/vi/cTEsfS_iHfo/hqdefault3204.jpg]
[img.youtube.com/vi/cTEsfS_iHfo/hqdefaultc1c3.jpg]
[nj1-static.collegedekho.com/_next/static/media/pratima-chadha.e228a412a77d.jpg]
[nj1-static.collegedekho.com/_next/static/media/pratima-chadha.e228a4123204.jpg]
[nj1-static.collegedekho.com/_next/static/media/shruti-chibber.ff4d46c9a77d.jpg]
[nj1-static.collegedekho.com/_next/static/media/shruti-chibber.ff4d46c93204.jpg]
[nj1-static.collegedekho.com/_next/static/media/chaitanya-ketkar.7ef5ceaba77d.jpg]
[nj1-static.collegedekho.com/_next/static/media/chaitanya-ketkar.7ef5ceab3204.jpg]
[nj1-static.collegedekho.com/_next/static/media/abdul-kalam.9e2691daa77d.jpg]
[nj1-static.collegedekho.com/_next/static/media/abdul-kalam.9e2691da3204.jpg]
[nj1-static.collegedekho.com/_next/static/media/sunita-sharma.6d8a0ce1a77d.jpg]
[nj1-static.collegedekho.com/_next/static/media/sunita-sharma.6d8a0ce13204.jpg]
[nj1-static.collegedekho.com/_next/static/media/veer-pratap-singh.426015e9a77d.jpg]
[nj1-static.collegedekho.com/_next/static/media/veer-pratap-singh.426015e93204.jpg]
[nj1-static.collegedekho.com/_next/static/media/swati-jain.d7fa2bc7a77d.jpg]
[nj1-static.collegedekho.com/_next/static/media/swati-jain.d7fa2bc73204.jpg]
[nj1-static.collegedekho.com/_next/static/media/garima-jain.3b776ecda77d.jpg]
[nj1-static.collegedekho.com/_next/static/media/garima-jain.3b776ecd3204.jpg]
[nj1-static.collegedekho.com/_next/static/media/shalini-rajawat.615149c7a77d.jpg]
[nj1-static.collegedekho.com/_next/static/media/shalini-rajawat.615149c73204.jpg]
[nj1-static.collegedekho.com/_next/static/media/tarun-pare.699506bba77d.jpg]
[nj1-static.collegedekho.com/_next/static/media/tarun-pare.699506bb3204.jpg]
[nj1-static.collegedekho.com/_next/static/media/zeeshan-ahmad.9f70dd6aa77d.jpg]
[nj1-static.collegedekho.com/_next/static/media/zeeshan-ahmad.9f70dd6a3204.jpg]
[nj1-static.collegedekho.com/_next/static/media/atul-tyagi.34c50820a77d.jpg]
[nj1-static.collegedekho.com/_next/static/media/atul-tyagi.34c508203204.jpg]
[nj1-static.collegedekho.com/_next/static/media/sivaprasad-paliyath.a76ef76fa77d.jpg]
[nj1-static.collegedekho.com/_next/static/media/sivaprasad-paliyath.a76ef76f3204.jpg]
[nj1-static.collegedekho.com/_next/static/media/bcg-logo.c552ddc1c031.png]
[nj1-static.collegedekho.com/_next/static/media/bcg-logo.c552ddc1a77d.png]
[nj1-static.collegedekho.com/_next/static/media/tanvi-manglick.8261040da77d.jpg]
[nj1-static.collegedekho.com/_next/static/media/tanvi-manglick.8261040d3204.jpg]
[nj1-static.collegedekho.com/_next/static/media/xoriant-logo.eb39c9a2c031.png]
[nj1-static.collegedekho.com/_next/static/media/xoriant-logo.eb39c9a2a77d.png]
[nj1-static.collegedekho.com/_next/static/media/ashvesh-nayak.ded66f57a77d.jpg]
[nj1-static.collegedekho.com/_next/static/media/ashvesh-nayak.ded66f573204.jpg]
[nj1-static.collegedekho.com/_next/static/media/tech-mahindra-logo.3ad1030ac031.png]
[nj1-static.collegedekho.com/_next/static/media/tech-mahindra-logo.3ad1030aa77d.png]
[nj1-static.collegedekho.com/_next/static/media/saumya-agarwal.61a9547ba77d.jpg]
[nj1-static.collegedekho.com/_next/static/media/saumya-agarwal.61a9547b3204.jpg]
[nj1-static.collegedekho.com/_next/static/media/meesho-logo.a1092341c031.png]
[nj1-static.collegedekho.com/_next/static/media/meesho-logo.a1092341a77d.png]
[nj1-static.collegedekho.com/_next/static/media/priyanka-gehlot.b9466abca77d.jpg]
[nj1-static.collegedekho.com/_next/static/media/priyanka-gehlot.b9466abc3204.jpg]
[nj1-static.collegedekho.com/_next/static/media/freelance-logo.787987b1c031.png]
[nj1-static.collegedekho.com/_next/static/media/freelance-logo.787987b1a77d.png]
[nj1-static.collegedekho.com/_next/static/media/nithin-motupalli.212dad72a77d.jpg]
[nj1-static.collegedekho.com/_next/static/media/nithin-motupalli.212dad723204.jpg]
[nj1-static.collegedekho.com/_next/static/media/tribe-logo.074e6133c031.png]
[nj1-static.collegedekho.com/_next/static/media/tribe-logo.074e6133a77d.png]
[nj1-static.collegedekho.com/_next/static/media/uruj-kohari.903b999aa77d.jpg]
[nj1-static.collegedekho.com/_next/static/media/uruj-kohari.903b999a3204.jpg]
[nj1-static.collegedekho.com/_next/static/media/sachin-rathi.e3f6b5bca77d.jpg]
[nj1-static.collegedekho.com/_next/static/media/sachin-rathi.e3f6b5bc3204.jpg]
[nj1-static.collegedekho.com/_next/static/media/olx-logo.d6537855c031.png]
[nj1-static.collegedekho.com/_next/static/media/olx-logo.d6537855a77d.png]
[nj1-static.collegedekho.com/_next/static/media/aboli-maydeo.c94b9045a77d.jpg]
[nj1-static.collegedekho.com/_next/static/media/aboli-maydeo.c94b90453204.jpg]
[nj1-static.collegedekho.com/_next/static/media/siddharth-majumdar.9f686fb3a77d.jpg]
[nj1-static.collegedekho.com/_next/static/media/siddharth-majumdar.9f686fb33204.jpg]
[nj1-static.collegedekho.com/_next/static/media/chegg-logo.d98e9ed6c031.png]
[nj1-static.collegedekho.com/_next/static/media/chegg-logo.d98e9ed6a77d.png]
[nj1-static.collegedekho.com/_next/static/media/akash-tiwari.1249056aa77d.jpg]
[nj1-static.collegedekho.com/_next/static/media/akash-tiwari.1249056a3204.jpg]
[nj1-static.collegedekho.com/_next/static/media/accenture-logo.289136d0c031.png]
[nj1-static.collegedekho.com/_next/static/media/accenture-logo.289136d0a77d.png]
[nj1-static.collegedekho.com/_next/static/media/naman-kohli.8321e290a77d.jpg]
[nj1-static.collegedekho.com/_next/static/media/naman-kohli.8321e2903204.jpg]
[nj1-static.collegedekho.com/_next/static/media/perfect-logo.d6f36a19c031.png]
[nj1-static.collegedekho.com/_next/static/media/perfect-logo.d6f36a19a77d.png]
[nj1-static.collegedekho.com/_next/static/media/salik-khan.a7809ce2a77d.jpg]
[nj1-static.collegedekho.com/_next/static/media/salik-khan.a7809ce23204.jpg]
[nj1-static.collegedekho.com/_next/static/media/insight-log.c4fa3839c031.png]
[nj1-static.collegedekho.com/_next/static/media/insight-log.c4fa3839a77d.png]
[nj1-static.collegedekho.com/_next/static/media/ankush-tiwari.3a36e888a77d.jpg]
[nj1-static.collegedekho.com/_next/static/media/ankush-tiwari.3a36e8883204.jpg]
[nj1-static.collegedekho.com/_next/static/media/zblocks-logo.98ae2e45c031.png]
[nj1-static.collegedekho.com/_next/static/media/zblocks-logo.98ae2e45a77d.png]
[nj1-static.collegedekho.com/_next/static/media/abhijeet-zilpelwar.3bd947a6a77d.jpg]
[nj1-static.collegedekho.com/_next/static/media/abhijeet-zilpelwar.3bd947a63204.jpg]
[nj1-static.collegedekho.com/_next/static/media/sanjay-gupta.6d78aec3a77d.jpg]
[nj1-static.collegedekho.com/_next/static/media/sanjay-gupta.6d78aec33204.jpg]
[nj1-static.collegedekho.com/_next/static/media/sierra-logo.7568f3fbc031.png]
[nj1-static.collegedekho.com/_next/static/media/sierra-logo.7568f3fba77d.png]
[media.collegedekho.com/media/img/news/GATE_2027_Registration__1dd99.png]
[media.collegedekho.com/media/img/news/GATE_2027_Registration__1976f.png]
[www.collegedekho.com/manifest.json]
[media.collegedekho.com/media/img/news/GATE_2027_Registration__159a4.png]
[static.collegedekho.com/static-v3/images/post-bg.91fb6b2bb1f5.png]
[static.collegedekho.com/static-v3/images/college-listing-icons.8d3bb5644976.png]
[static.collegedekho.com/static-v3/images/arrow-right.5add999bf666.png]
[static.collegedekho.com/static-v3/images/calculator.40a75c94b9a4.jpg]
[static.collegedekho.com/static-v3/images/customer-support.fb5bb50b7443.jpg]
[static.collegedekho.com/static-v3/images/batch-img.adb745f9e66d.png]
[static.collegedekho.com/static-v3/images/qna.5bd2bbf1b993.png]
[static.collegedekho.com/static-v3/images/blank.325472601571.gif]
[static.collegedekho.com/static-v3/images/collegedekhologo.db81662af259.png]
[media.collegedekho.com/media/img/news/Bihar_UGMAC_2026_Rank_Card_11e3b.png]
[media.collegedekho.com/media/img/news/Bihar_UGMAC_2026_Rank_Card_193be.png]
[media.collegedekho.com/media/img/news/Bihar_UGMAC_2026_Rank_Card_1d464.png]
[media.collegedekho.com/media/img/news/Maharashtra_B.Sc._Nursing_Round_2_Seat_Matrix_2026_Release_Date1e3b.png]
[media.collegedekho.com/media/img/news/Maharashtra_B.Sc._Nursing_Round_2_Seat_Matrix_2026_Release_Date93be.png]
[media.collegedekho.com/media/img/news/Maharashtra_B.Sc._Nursing_Round_2_Seat_Matrix_2026_Release_Dated464.png]
[media.collegedekho.com/media/img/news/AP_EAMCET_2026_BiPC_Phase_2_Option_Entry_Closes_Today_on_September_201e3b.jpg]
[media.collegedekho.com/media/img/news/AP_EAMCET_2026_BiPC_Phase_2_Option_Entry_Closes_Today_on_September_2093be.jpg]
[media.collegedekho.com/media/img/news/AP_EAMCET_2026_BiPC_Phase_2_Option_Entry_Closes_Today_on_September_20d464.jpg]
[media.collegedekho.com/media/img/news/Maharashtra_BAMS_BHMS_BUMS_Provisional_Merit_List_20261e3b.png]
[media.collegedekho.com/media/img/news/Maharashtra_BAMS_BHMS_BUMS_Provisional_Merit_List_202693be.png]
[media.collegedekho.com/media/img/news/Maharashtra_BAMS_BHMS_BUMS_Provisional_Merit_List_2026d464.png]
[media.collegedekho.com/media/img/news/MAH_GNM_CAP_Round_2_Seat_Matrix_2026_11e3b.png]
[media.collegedekho.com/media/img/news/MAH_GNM_CAP_Round_2_Seat_Matrix_2026_193be.png]
[media.collegedekho.com/media/img/news/MAH_GNM_CAP_Round_2_Seat_Matrix_2026_1d464.png]
[media.collegedekho.com/media/img/news/NEET_MDS_2026_Round_2__11e3b.png]
[media.collegedekho.com/media/img/news/NEET_MDS_2026_Round_2__193be.png]
[media.collegedekho.com/media/img/news/NEET_MDS_2026_Round_2__1d464.png]
[media.collegedekho.com/media/img/news/TG_LAWCET_2026_Phase_3__11e3b.png]
[media.collegedekho.com/media/img/news/TG_LAWCET_2026_Phase_3__193be.png]
[media.collegedekho.com/media/img/news/TG_LAWCET_2026_Phase_3__1d464.png]
[media.collegedekho.com/media/img/news/Maharashtra_LLB_3_Year_CAP_Round_3_11e3b.png]
[media.collegedekho.com/media/img/news/Maharashtra_LLB_3_Year_CAP_Round_3_193be.png]
[media.collegedekho.com/media/img/news/Maharashtra_LLB_3_Year_CAP_Round_3_1d464.png]
[media.collegedekho.com/media/img/news/MP_B.Sc_Nursing_2026_Final_Round_Allotment_Result_Releasing_Today1e3b.jpg]
[media.collegedekho.com/media/img/news/MP_B.Sc_Nursing_2026_Final_Round_Allotment_Result_Releasing_Today93be.jpg]
[media.collegedekho.com/media/img/news/MP_B.Sc_Nursing_2026_Final_Round_Allotment_Result_Releasing_Todayd464.jpg]
[static.collegedekho.com/static-v3/images/googlePlay.c3b5fe450d22.png]
[www.collegedekho.com/exam/jee-main/previous-year-question-papers.html]
[media.collegedekho.com/media/img/news/Maharashtra_B.Sc._Nursing_Round_2_Seat_Matrix_2026_Release_Datedd99.png]
[media.collegedekho.com/media/img/news/Maharashtra_B.Sc._Nursing_Round_2_Seat_Matrix_2026_Release_Date976f.png]
[media.collegedekho.com/media/img/news/Maharashtra_B.Sc._Nursing_Round_2_Seat_Matrix_2026_Release_Date59a4.png]
[media.collegedekho.com/media/img/news/GATE_2027_Registration__11e3b.png]
[media.collegedekho.com/media/img/news/GATE_2027_Registration__193be.png]
[media.collegedekho.com/media/img/news/GATE_2027_Registration__1d464.png]
[media.collegedekho.com/media/img/news/Maharashtra_BAMS_BHMS_BUMS_Provisional_Merit_List_2026dd99.png]
[media.collegedekho.com/media/img/news/Maharashtra_BAMS_BHMS_BUMS_Provisional_Merit_List_2026976f.png]
[media.collegedekho.com/media/img/news/Maharashtra_BAMS_BHMS_BUMS_Provisional_Merit_List_202659a4.png]
[media.collegedekho.com/media/img/news/MAH_GNM_CAP_Round_2_Seat_Matrix_2026_1dd99.png]
[media.collegedekho.com/media/img/news/MAH_GNM_CAP_Round_2_Seat_Matrix_2026_1976f.png]
[media.collegedekho.com/media/img/news/MAH_GNM_CAP_Round_2_Seat_Matrix_2026_159a4.png]
[media.collegedekho.com/media/img/news/Maharashtra_PGD_Round_2_Seat_Matrix_2026_Release_Datedd99.png]
[media.collegedekho.com/media/img/news/Maharashtra_PGD_Round_2_Seat_Matrix_2026_Release_Date976f.png]
[media.collegedekho.com/media/img/news/Maharashtra_PGD_Round_2_Seat_Matrix_2026_Release_Date59a4.png]
[media.collegedekho.com/media/img/news/MP_ANM_GNM_2026_Seat_Allotment_Result_for_Final_Round_Releasing_Todaydd99.png]
[media.collegedekho.com/media/img/news/MP_ANM_GNM_2026_Seat_Allotment_Result_for_Final_Round_Releasing_Today976f.png]
[media.collegedekho.com/media/img/news/MP_ANM_GNM_2026_Seat_Allotment_Result_for_Final_Round_Releasing_Today59a4.png]
[media.collegedekho.com/media/img/news/NEET_MDS_2026_Round_2_Choice_Filling_Closes_Soon1e3b.jpg]
[media.collegedekho.com/media/img/news/NEET_MDS_2026_Round_2_Choice_Filling_Closes_Soon93be.jpg]
[media.collegedekho.com/media/img/news/NEET_MDS_2026_Round_2_Choice_Filling_Closes_Soond464.jpg]
[media.collegedekho.com/media/img/news/Bihar_UGMAC_Round_2_Rank_Card_2026_Release_Datedd99.png]
[media.collegedekho.com/media/img/news/Bihar_UGMAC_Round_2_Rank_Card_2026_Release_Date976f.png]
[media.collegedekho.com/media/img/news/Bihar_UGMAC_Round_2_Rank_Card_2026_Release_Date59a4.png]
[media.collegedekho.com/media/img/news/Maharashtra_HSC__SSC_2027_Exam_Dates_OUT_8XA3sW6dd99.png]
[media.collegedekho.com/media/img/news/Maharashtra_HSC__SSC_2027_Exam_Dates_OUT_8XA3sW6976f.png]
[media.collegedekho.com/media/img/news/Maharashtra_HSC__SSC_2027_Exam_Dates_OUT_8XA3sW659a4.png]
[media.collegedekho.com/media/img/news/Jharkhand_B.Sc._Agriculture_Round_1_Seat_Allotment_Resultdd99.png]
[media.collegedekho.com/media/img/news/Jharkhand_B.Sc._Agriculture_Round_1_Seat_Allotment_Result976f.png]
[media.collegedekho.com/media/img/news/Jharkhand_B.Sc._Agriculture_Round_1_Seat_Allotment_Result59a4.png]
[media.collegedekho.com/media/img/news/AP_PGCET_2026_Phase_1_Seat_Allotment_Resultdd99.png]
[media.collegedekho.com/media/img/news/AP_PGCET_2026_Phase_1_Seat_Allotment_Result976f.png]
[media.collegedekho.com/media/img/news/AP_PGCET_2026_Phase_1_Seat_Allotment_Result59a4.png]
[static.collegedekho.com/static/images/new_ui/common/logo.png]
[media.collegedekho.com/media/img/news/JEE_Main_2027_Session_1_Exam_Dates_OUT4e15.png]
[media.collegedekho.com/media/img/news/BCECE_UGEAC_Round_1_Seat_Allotment_Result_2026_Releasing_Today4e15.png]
[media.collegedekho.com/media/img/news/REAP_2026_Mock_Allotment_2026_14e15.png]
[media.collegedekho.com/media/img/news/JCECE_B.Tech_Counselling_2026_14e15.png]
[media.collegedekho.com/media/img/news/JoSAA_First_Mock_Allotment_20264e15.png]
[media.collegedekho.com/media/img/news/Top_Haryana_Colleges_Offering_CSE_AI_Data_Science_and_Emerging_Tech_Branches_in_20264e15.png]
[media.collegedekho.com/media/img/news/ACPC_Gujarat_Round_2_Upgradation_How_to_Try_for_a_Better_College_Without_Forfei_PVk3I0F4e15.png]
[media.collegedekho.com/media/img/news/ACPC_Gujarat_Round_1_Allotment_2026_Should_You_Freeze_a_Government_Seat_or_Wait_qUsPwfH4e15.png]
[media.collegedekho.com/media/img/news/Have_you_secured_admission_to_NIT_CSE_IT_Courses_Learn_these_AI_Skills_to_enhan_wFoRKiB4e15.png]
[media.collegedekho.com/media/img/news/JEE_Main_2026_General_Category_Expected_JoSAA_Closing_Rank_Course-Wise4e15.png]
